02 - Inappropriate Recycling.flac        kinds cccc  acc -0.017 (min 0.10)  knee None  flagged 0.13%  8s
03 - Pirate Dojo.flac                    kinds nnnn  acc  0.015 (min 0.45)  knee None  flagged 0.00%  4s
04 - 4rd Sanctuary.flac                  kinds nnnn  acc  0.154 (min 0.45)  knee None  flagged 0.00%  5s
05 - Festival.flac                       kinds nnnn  acc -0.004 (min 0.45)  knee None  flagged 0.00%  5s
08 - I guess I'm in love.flac            kinds nnnn  acc  0.034 (min 0.45)  knee None  flagged 0.00%  5s
10 - Your Dad's Best Friend.flac         kinds nnnn  acc -0.004 (min 0.45)  knee None  flagged 0.00%  2s
11 - Garden of Hopes and Dreams.flac     kinds nnnn  acc -0.010 (min 0.45)  knee None  flagged 0.00%  6s
12 - Rakuichi Buster.flac                kinds nnnn  acc  0.062 (min 0.45)  knee None  flagged 0.00%  6s
13 - The Diner Song of Best Friends.flac kinds nnnn  acc  0.008 (min 0.45)  knee None  flagged 0.00%  5s
14 - Ride the Board.flac                 kinds nnnn  acc  0.128 (min 0.45)  knee None  flagged 0.00%  1s
15 - Quiet Glade.flac                    kinds nnnn  acc  0.031 (min 0.45)  knee None  flagged 0.00%  6s
16 - Who might you be.flac               kinds nnnn  acc -0.004 (min 0.45)  knee None  flagged 0.00%  4s
17 - Petal Dance.flac                    kinds nnnn  acc  0.060 (min 0.45)  knee None  flagged 0.00%  5s
18 - Flying Feather.flac                 kinds nnnn  acc  0.001 (min 0.45)  knee None  flagged 0.00%  2s
19 - Sunset of Seven Suns.flac           kinds nnnn  acc -0.007 (min 0.45)  knee None  flagged 0.00%  6s
20 - Shop 3.flac                         kinds nnnn  acc  0.006 (min 0.45)  knee None  flagged 0.00%  5s
21 - Violet Tactics.flac                 kinds nnnn  acc -0.064 (min 0.45)  knee None  flagged 0.00%  5s
22 - Flower King.flac                    kinds nnnn  acc  0.266 (min 0.45)  knee None  flagged 0.00%  4s
23 - Flower Foyer.flac                   kinds nnnn  acc -0.034 (min 0.45)  knee None  flagged 0.00%  5s
24 - Flower Castle.flac                  kinds nnnn  acc  0.069 (min 0.45)  knee None  flagged 0.00%  6s
25 - Thousand Cafe Zukan.flac            kinds nnnn  acc  0.038 (min 0.45)  knee None  flagged 0.00%  5s
27 - Stop, Criminell!.flac               kinds nnnn  acc  0.072 (min 0.45)  knee None  flagged 0.00%  4s
28 - Loving Steps.flac                   kinds nnnn  acc  0.017 (min 0.45)  knee None  flagged 0.00%  5s
29 - Running Water 3.flac                kinds nnnn  acc  0.018 (min 0.45)  knee None  flagged 0.00%  5s
30 - Beautiful Bathtime.flac             kinds nnnn  acc -0.081 (min 0.45)  knee None  flagged 0.00%  2s
31 - Pink.flac                           kinds nnnn  acc  0.120 (min 0.45)  knee None  flagged 0.00%  6s
32 - Cutie Mew Mew Magic.flac            kinds nnnn  acc -0.052 (min 0.45)  knee None  flagged 0.00%  6s
33 - Running Sky.flac                    kinds nnnn  acc  0.046 (min 0.45)  knee None  flagged 0.00%  5s
34 - Flower Man.flac                     kinds nnnn  acc -0.018 (min 0.45)  knee None  flagged 0.00%  6s
35 - That Day.flac                       kinds nnnn  acc  0.019 (min 0.45)  knee None  flagged 0.00%  5s
36 - Dreamwatchers.flac                  kinds nnnn  acc  0.057 (min 0.45)  knee None  flagged 0.00%  7s
37 - Weak Flowers.flac                   kinds nnnn  acc -0.006 (min 0.45)  knee None  flagged 0.00%  7s
38 - Walking Home.flac                   kinds nnnn  acc -0.002 (min 0.45)  knee None  flagged 0.00%  9s
39 - Scarlet Forest (Credits Version).fl kinds nnnn  acc  0.025 (min 0.45)  knee None  flagged 0.00%  8s
40 - Goodnight, Sweet Prince.flac        kinds nnnn  acc  0.129 (min 0.45)  knee None  flagged 0.00%  4s
Forest - fast.wav                        kinds nnnn  acc  0.279 (min 0.45)  knee None  flagged 0.00%  7s
Forest - slow.wav                        kinds nnnn  acc  0.024 (min 0.45)  knee None  flagged 0.00%  7s
Garden - normal.wav                      kinds nnnn  acc -0.217 (min 0.45)  knee None  flagged 0.00%  7s
Rig - normal.wav                         kinds ccnc  acc  0.067 (min 0.10)  knee None  flagged 0.03%  8s
caves_master.wav                         kinds nnnn  acc  0.038 (min 0.45)  knee None  flagged 0.00%  7s
beehive.wav                              kinds nnnn  acc -0.141 (min 0.45)  knee None  flagged 0.00%  7s
credits.wav                              kinds nnnn  acc  0.517 (min 0.45)  knee 0.8500000000000003  flagged 0.08%  6s
ghost_normal.wav                         kinds nnnn  acc  0.711 (min 0.45)  knee 0.8500000000000003  flagged 0.29%  8s
reactor_main.wav                         kinds nnnn  acc  0.020 (min 0.45)  knee None  flagged 0.00%  7s
pipes_full_on.wav                        kinds nnnn  acc  0.115 (min 0.45)  knee None  flagged 0.00%  8s
canyon - fast.wav                        kinds cccc  acc  0.062 (min 0.10)  knee None  flagged 0.03%  10s
