gris48_-12dB fast 22.57 nmf400 22.62 spade 20.72 pew400 18.13
gris48_-6dB fast 35.70 nmf400 35.85 spade 33.15 pew400 33.44
merlon48_-12dB fast 19.97 nmf400 20.12 spade 17.74 pew400 17.65
merlon48_-6dB fast 30.64 nmf400 30.71 spade 27.86 pew400 29.52
lofi48_-12dB fast 17.54 nmf400 18.85 spade 17.21 pew400 17.71
lofi48_-6dB fast 26.26 nmf400 24.85 spade 24.76 pew400 24.18
ghostpage48_-12dB fast 10.69 nmf400 11.21 spade 11.09 pew400 10.76
ghostpage48_-6dB fast 18.87 nmf400 18.97 spade 15.69 pew400 19.04
ex_hard6 fast 40.87 nmf400 40.81 spade 37.85 pew400 41.46
ex_hard9 fast 30.83 nmf400 30.85 spade 28.98 pew400 30.63
petal_hard6 fast 33.02 nmf400 33.04 spade 31.08 pew400 31.31
petal_hard9 fast 24.16 nmf400 24.26 spade 22.99 pew400 23.33
ruder_hard6 fast 28.10 nmf400 28.10 spade 26.48 pew400 27.88
ruder_hard9 fast 21.78 nmf400 21.85 spade 20.08 pew400 21.49
thrash_hard6 fast 33.64 nmf400 33.85 spade 32.28 pew400 33.30
thrash_hard9 fast 27.45 nmf400 27.65 spade 26.05 pew400 26.77
violet_hard6 fast 27.17 nmf400 27.18 spade 25.41 pew400 26.03
violet_hard9 fast 20.35 nmf400 20.44 spade 18.95 pew400 19.40
bigshot_hard6 fast 21.99 nmf400 22.19 spade 19.89 pew400 22.39
bigshot_hard9 fast 16.06 nmf400 16.46 spade 14.99 pew400 16.79
knife_hard6 fast 26.01 nmf400 26.36 spade 23.42 pew400 25.41
knife_hard9 fast 18.78 nmf400 19.05 spade 16.32 pew400 18.24
QUEUE2 DONE
