ex__hard6                in  25.40 | auto 40.87 (clip,1.7%)
ex__tanh6                in  23.32 | auto 33.91 (none, soft knee 0.75,8.5%)
ex__softhard6            in  24.92 | auto 33.88 (clip, soft knee 0.73,9.9%)
ex__oshard6              in  25.40 | auto 39.66 (smeared,1.8%)
ex__mp3_128              in  20.58 | auto 23.14 (smeared, soft knee 0.85,4.7%)
ex__al1_6                in  21.08 | auto 21.89 (limiter, limiter knee 0.80,5.3%)
ex__osal1                in   9.35 | auto 11.45 (limiter, limiter knee 0.50,43.7%)
petal__hard6             in  21.89 | auto 33.02 (clip,1.6%)
petal__tanh6             in  20.73 | auto 28.32 (none, soft knee 0.78,4.9%)
petal__softhard6         in  21.69 | auto 29.05 (clip, soft knee 0.75,5.7%)
petal__oshard6           in  21.89 | auto 32.31 (smeared,1.6%)
petal__mp3_128           in  18.06 | auto 20.84 (smeared, soft knee 0.88,4.7%)
petal__al1_6             in  17.93 | auto 18.50 (limiter, limiter knee 0.83,2.8%)
petal__osal1             in   8.77 | auto 9.22 (limiter, limiter knee 0.83,9.2%)
ruder__hard6             in  19.23 | auto 28.10 (clip,3.2%)
ruder__tanh6             in  18.35 | auto 25.20 (none, soft knee 0.78,8.2%)
ruder__softhard6         in  19.10 | auto 26.08 (clip, soft knee 0.78,8.4%)
ruder__oshard6           in  19.24 | auto 28.17 (limiter+smeared, limiter knee 0.80,4.0%)
ruder__mp3_128           in  16.39 | auto 19.53 (smeared, soft knee 0.85,8.9%)
ruder__al1_6             in   9.50 | auto 9.54 (limiter+smeared, limiter knee 0.80,2.5%)
ruder__osal1             in   6.30 | auto 6.59 (limiter+smeared, limiter knee 0.83, soft knee 0.83,9.3%)
thrash__hard6            in  20.51 | auto 33.64 (clip,2.5%)
thrash__tanh6            in  19.45 | auto 30.27 (none, soft knee 0.75,7.8%)
thrash__softhard6        in  20.33 | auto 30.93 (clip, soft knee 0.75,7.8%)
thrash__oshard6          in  20.51 | auto 34.39 (smeared,2.5%)
thrash__mp3_128          in  18.08 | auto 23.14 (smeared, soft knee 0.88,5.5%)
thrash__al1_6            in  16.46 | auto 17.01 (limiter, limiter knee 0.80,4.5%)
thrash__osal1            in   7.86 | auto 8.26 (limiter, limiter knee 0.80,10.9%)
violet__hard6            in  19.82 | auto 27.17 (clip,2.5%)
violet__tanh6            in  18.89 | auto 24.44 (none, soft knee 0.78,6.4%)
violet__softhard6        in  19.67 | auto 25.04 (clip, soft knee 0.75,7.4%)
violet__oshard6          in  19.81 | auto 26.89 (smeared,2.8%)
violet__mp3_128          in  15.81 | auto 17.85 (smeared, soft knee 0.88,10.4%)
violet__al1_6            in  15.36 | auto 15.76 (limiter, limiter knee 0.80,3.9%)
violet__osal1            in   8.27 | auto 8.72 (limiter, limiter knee 0.83,9.2%)
bigshot__hard6           in  15.34 | auto 21.99 (clip,11.1%)
bigshot__tanh6           in  14.71 | auto 20.00 (none, soft knee 0.83,17.2%)
bigshot__softhard6       in  15.26 | auto 21.23 (clip, soft knee 0.85,16.5%)
bigshot__oshard6         in  15.34 | auto 21.90 (smeared,11.6%)
bigshot__mp3_128         in  13.56 | auto 17.60 (smeared, soft knee 0.85,25.0%)
bigshot__al1_6           in  11.21 | auto 11.51 (limiter, limiter knee 0.80,9.6%)
bigshot__osal1           in   5.57 | auto 5.85 (limiter, limiter knee 0.90,8.4%)
knife__hard6             in  18.48 | auto 26.01 (clip,5.1%)
knife__tanh6             in  17.57 | auto 22.80 (none, soft knee 0.80,10.8%)
knife__softhard6         in  18.34 | auto 23.92 (clip, soft knee 0.80,11.2%)
knife__oshard6           in  18.49 | auto 25.68 (smeared,5.5%)
knife__mp3_128           in  14.60 | auto 16.44 (smeared,13.6%)
knife__al1_6             in  14.00 | auto 14.39 (limiter, limiter knee 0.80,7.0%)
knife__osal1             in   6.81 | auto 7.10 (limiter, limiter knee 0.88,7.9%)
ex__al1slow              in   7.95 | auto 7.95 (none,0.0%)
petal__al1slow           in   5.82 | auto 5.83 (limiter, limiter knee 0.80,0.7%)
ruder__al1slow           in   3.88 | auto 3.88 (limiter, limiter knee 0.80,1.4%)
thrash__al1slow          in   5.07 | auto 5.07 (limiter, limiter knee 0.80,1.0%)
violet__al1slow          in   4.33 | auto 4.33 (limiter, limiter knee 0.80,1.3%)
bigshot__al1slow         in   2.08 | auto 2.08 (limiter, limiter knee 0.80,1.3%)
knife__al1slow           in   2.67 | auto 2.67 (limiter, limiter knee 0.80,1.4%)
