ex__hard6                in  25.40 | raise:0.005 40.87 (hard,1.7%) | raise:0.01 40.87 (hard,1.7%) | raise:0.02 40.87 (hard,1.7%) | smear6 40.87 (custom,1.7%)
ex__hard9                in  15.91 | raise:0.005 30.83 (hard,11.0%) | raise:0.01 30.83 (hard,11.0%) | raise:0.02 30.83 (hard,11.0%) | smear6 30.83 (custom,11.0%)
ex__tanh6                in  23.32 | raise:0.005 33.56 (k0.800,5.9%) | raise:0.01 32.62 (k0.825,4.8%) | raise:0.02 31.20 (k0.850,3.8%) | smear6 24.70 (custom,34.2%)
ex__tanh9k4              in  14.32 | raise:0.005 24.93 (k0.650,31.3%) | raise:0.01 24.44 (k0.700,26.6%) | raise:0.02 23.84 (k0.725,24.2%) | smear6 19.90 (custom,20.2%)
ex__cubic6               in  20.17 | raise:0.005 23.76 (k0.675,9.5%) | raise:0.01 22.49 (k0.750,5.2%) | raise:0.02 21.82 (k0.800,3.2%) | smear6 0.84 (custom,100.0%)
ex__softhard6            in  24.92 | raise:0.005 34.49 (k0.875,3.4%) | raise:0.01 33.50 (k0.900,2.7%) | raise:0.02 31.26 (k0.950,1.6%) | smear6 29.28 (custom,0.8%)
ex__softhard9            in  15.87 | raise:0.005 24.23 (hard,7.8%) | raise:0.01 24.23 (hard,7.8%) | raise:0.02 24.23 (hard,7.8%) | smear6 24.23 (custom,7.8%)
ex__oshard6              in  25.40 | raise:0.005 39.66 (hard,1.8%) | raise:0.01 39.66 (hard,1.8%) | raise:0.02 39.66 (hard,1.8%) | smear6 39.66 (custom,1.8%)
ex__resamp6              in  25.40 | raise:0.005 38.92 (hard,1.8%) | raise:0.01 38.92 (hard,1.8%) | raise:0.02 38.92 (hard,1.8%) | smear6 38.92 (custom,1.8%)
ex__mp3_128              in  20.58 | raise:0.005 23.13 (hard,4.5%) | raise:0.01 23.13 (hard,4.5%) | raise:0.02 23.13 (hard,4.5%) | smear6 23.13 (custom,4.5%)
ex__aac_256              in  21.72 | raise:0.005 25.39 (hard,2.5%) | raise:0.01 25.39 (hard,2.5%) | raise:0.02 25.39 (hard,2.5%) | smear6 25.39 (custom,2.5%)
ex__vorbis_192           in  24.76 | raise:0.005 31.17 (hard,2.7%) | raise:0.01 31.17 (hard,2.7%) | raise:0.02 31.17 (hard,2.7%) | smear6 31.17 (custom,2.7%)
ex__al1_6                in  21.08 | raise:0.005 21.19 (k0.950,1.0%) | raise:0.01 21.08 (hard,0.1%) | raise:0.02 21.08 (hard,0.1%) | smear6 3.16 (custom,89.0%)
ex__osal1                in   9.35 | raise:0.005 9.42 (k0.950,4.2%) | raise:0.01 9.37 (hard,1.0%) | raise:0.02 9.37 (hard,1.0%) | smear6 9.64 (custom,31.8%)
petal__hard6             in  21.89 | raise:0.005 33.02 (hard,1.6%) | raise:0.01 33.02 (hard,1.6%) | raise:0.02 33.02 (hard,1.6%) | smear6 33.02 (custom,1.6%)
petal__hard9             in  14.62 | raise:0.005 25.08 (hard,7.1%) | raise:0.01 25.08 (hard,7.1%) | raise:0.02 25.08 (hard,7.1%) | smear6 25.08 (custom,7.1%)
petal__tanh6             in  20.73 | raise:0.005 25.96 (k0.900,1.8%) | raise:0.01 25.96 (k0.900,1.8%) | raise:0.02 25.96 (k0.900,1.8%) | smear6 20.66 (custom,20.0%)
petal__tanh9k4           in  13.57 | raise:0.005 19.98 (k0.775,11.9%) | raise:0.01 19.48 (k0.800,10.4%) | raise:0.02 18.89 (k0.825,8.9%) | smear6 20.34 (custom,16.8%)
petal__cubic6            in  18.95 | raise:0.005 21.19 (k0.825,2.1%) | raise:0.01 20.93 (k0.850,1.7%) | raise:0.02 20.67 (k0.875,1.3%) | smear6 6.18 (custom,46.2%)
petal__softhard6         in  21.69 | raise:0.005 27.10 (hard,0.9%) | raise:0.01 27.10 (hard,0.9%) | raise:0.02 27.10 (hard,0.9%) | smear6 27.10 (custom,0.9%)
petal__softhard9         in  14.59 | raise:0.005 22.25 (hard,5.3%) | raise:0.01 22.25 (hard,5.3%) | raise:0.02 22.25 (hard,5.3%) | smear6 22.25 (custom,5.3%)
petal__oshard6           in  21.89 | raise:0.005 32.84 (hard,1.7%) | raise:0.01 32.84 (hard,1.7%) | raise:0.02 32.84 (hard,1.7%) | smear6 32.84 (custom,1.7%)
petal__resamp6           in  21.89 | raise:0.005 32.83 (hard,1.7%) | raise:0.01 32.83 (hard,1.7%) | raise:0.02 32.83 (hard,1.7%) | smear6 32.83 (custom,1.7%)
petal__mp3_128           in  18.06 | raise:0.005 20.84 (hard,4.7%) | raise:0.01 20.84 (hard,4.7%) | raise:0.02 20.84 (hard,4.7%) | smear6 20.84 (custom,4.7%)
petal__aac_256           in  19.13 | raise:0.005 23.35 (hard,2.9%) | raise:0.01 23.35 (hard,2.9%) | raise:0.02 23.35 (hard,2.9%) | smear6 23.35 (custom,2.9%)
petal__vorbis_192        in  20.80 | raise:0.005 25.53 (hard,3.0%) | raise:0.01 25.53 (hard,3.0%) | raise:0.02 25.53 (hard,3.0%) | smear6 25.53 (custom,3.0%)
petal__al1_6             in  17.93 | raise:0.005 17.94 (hard,0.1%) | raise:0.01 17.94 (hard,0.1%) | raise:0.02 17.94 (hard,0.1%) | smear6 17.94 (custom,0.2%)
petal__osal1             in   8.77 | raise:0.005 8.78 (hard,0.3%) | raise:0.01 8.78 (hard,0.3%) | raise:0.02 8.78 (hard,0.3%) | smear6 8.80 (custom,1.1%)
ruder__hard6             in  19.23 | raise:0.005 28.62 (hard,3.2%) | raise:0.01 28.62 (hard,3.2%) | raise:0.02 28.62 (hard,3.2%) | smear6 28.62 (custom,3.2%)
ruder__hard9             in  12.79 | raise:0.005 21.77 (hard,11.4%) | raise:0.01 21.77 (hard,11.4%) | raise:0.02 21.77 (hard,11.4%) | smear6 21.77 (custom,11.4%)
ruder__tanh6             in  18.35 | raise:0.005 23.67 (k0.900,3.4%) | raise:0.01 23.67 (k0.900,3.4%) | raise:0.02 22.67 (k0.925,2.6%) | smear6 17.41 (custom,29.3%)
ruder__tanh9k4           in  12.00 | raise:0.005 17.91 (k0.800,15.8%) | raise:0.01 17.91 (k0.800,15.8%) | raise:0.02 17.47 (k0.825,13.9%) | smear6 16.72 (custom,19.7%)
ruder__cubic6            in  17.13 | raise:0.005 19.04 (k0.900,2.1%) | raise:0.01 19.04 (k0.900,2.1%) | raise:0.02 18.73 (k0.925,1.6%) | smear6 17.67 (custom,0.4%)
ruder__softhard6         in  19.10 | raise:0.005 24.68 (hard,2.0%) | raise:0.01 24.68 (hard,2.0%) | raise:0.02 24.68 (hard,2.0%) | smear6 24.68 (custom,2.0%)
ruder__softhard9         in  12.77 | raise:0.005 20.18 (hard,8.9%) | raise:0.01 20.18 (hard,8.9%) | raise:0.02 20.18 (hard,8.9%) | smear6 20.18 (custom,8.9%)
ruder__oshard6           in  19.24 | raise:0.005 28.39 (hard,3.4%) | raise:0.01 28.39 (hard,3.4%) | raise:0.02 28.39 (hard,3.4%) | smear6 28.39 (custom,3.4%)
ruder__resamp6           in  19.23 | raise:0.005 28.26 (hard,3.6%) | raise:0.01 28.26 (hard,3.6%) | raise:0.02 28.26 (hard,3.6%) | smear6 28.26 (custom,3.6%)
ruder__mp3_128           in  16.39 | raise:0.005 19.58 (hard,9.7%) | raise:0.01 19.58 (hard,9.7%) | raise:0.02 19.58 (hard,9.7%) | smear6 19.58 (custom,9.7%)
ruder__aac_256           in  16.93 | raise:0.005 20.95 (hard,5.5%) | raise:0.01 20.95 (hard,5.5%) | raise:0.02 20.95 (hard,5.5%) | smear6 20.95 (custom,5.5%)
ruder__vorbis_192        in  18.19 | raise:0.005 22.51 (hard,6.8%) | raise:0.01 22.51 (hard,6.8%) | raise:0.02 22.51 (hard,6.8%) | smear6 22.51 (custom,6.8%)
ruder__al1_6             in   9.50 | raise:0.005 9.51 (hard,0.3%) | raise:0.01 9.51 (hard,0.3%) | raise:0.02 9.51 (hard,0.3%) | smear6 9.51 (custom,0.9%)
ruder__osal1             in   6.30 | raise:0.005 6.36 (hard,1.6%) | raise:0.01 6.36 (hard,1.6%) | raise:0.02 6.36 (hard,1.6%) | smear6 6.39 (custom,2.9%)
thrash__hard6            in  20.51 | raise:0.005 35.04 (hard,2.5%) | raise:0.01 35.04 (hard,2.5%) | raise:0.02 35.04 (hard,2.5%) | smear6 35.04 (custom,2.5%)
thrash__hard9            in  13.53 | raise:0.005 27.44 (hard,9.6%) | raise:0.01 27.44 (hard,9.6%) | raise:0.02 27.44 (hard,9.6%) | smear6 27.44 (custom,9.6%)
thrash__tanh6            in  19.45 | raise:0.005 29.80 (k0.825,5.0%) | raise:0.01 29.80 (k0.825,5.0%) | raise:0.02 28.81 (k0.850,4.2%) | smear6 23.22 (custom,16.7%)
thrash__tanh9k4          in  12.62 | raise:0.005 23.18 (k0.675,22.7%) | raise:0.01 23.01 (k0.700,20.9%) | raise:0.02 22.17 (k0.750,17.2%) | smear6 13.16 (custom,1.6%)
thrash__cubic6           in  17.94 | raise:0.005 22.41 (k0.725,6.4%) | raise:0.01 22.00 (k0.750,5.4%) | raise:0.02 21.19 (k0.800,3.8%) | smear6 18.35 (custom,0.2%)
thrash__softhard6        in  20.33 | raise:0.005 30.76 (k0.900,3.4%) | raise:0.01 29.87 (k0.925,2.8%) | raise:0.02 28.86 (k0.950,2.3%) | smear6 26.68 (custom,1.5%)
thrash__softhard9        in  13.51 | raise:0.005 23.37 (hard,7.4%) | raise:0.01 23.37 (hard,7.4%) | raise:0.02 23.37 (hard,7.4%) | smear6 23.37 (custom,7.4%)
thrash__oshard6          in  20.51 | raise:0.005 34.78 (hard,2.6%) | raise:0.01 34.78 (hard,2.6%) | raise:0.02 34.78 (hard,2.6%) | smear6 34.78 (custom,2.6%)
thrash__resamp6          in  20.51 | raise:0.005 34.62 (hard,2.6%) | raise:0.01 34.62 (hard,2.6%) | raise:0.02 34.62 (hard,2.6%) | smear6 34.62 (custom,2.6%)
thrash__mp3_128          in  18.08 | raise:0.005 23.14 (hard,5.5%) | raise:0.01 23.14 (hard,5.5%) | raise:0.02 23.14 (hard,5.5%) | smear6 23.14 (custom,5.5%)
thrash__aac_256          in  18.38 | raise:0.005 24.20 (hard,3.5%) | raise:0.01 24.20 (hard,3.5%) | raise:0.02 24.20 (hard,3.5%) | smear6 24.20 (custom,3.5%)
thrash__vorbis_192       in  20.28 | raise:0.005 28.83 (hard,3.8%) | raise:0.01 28.83 (hard,3.8%) | raise:0.02 28.83 (hard,3.8%) | smear6 28.83 (custom,3.8%)
thrash__al1_6            in  16.46 | raise:0.005 16.58 (k0.925,1.5%) | raise:0.01 16.51 (k0.950,1.0%) | raise:0.02 16.47 (hard,0.2%) | smear6 16.47 (custom,0.2%)
thrash__osal1            in   7.86 | raise:0.005 7.88 (hard,0.8%) | raise:0.01 7.88 (hard,0.8%) | raise:0.02 7.88 (hard,0.8%) | smear6 7.88 (custom,1.1%)
violet__hard6            in  19.82 | raise:0.005 27.16 (hard,2.5%) | raise:0.01 27.16 (hard,2.5%) | raise:0.02 27.16 (hard,2.5%) | smear6 27.16 (custom,2.5%)
violet__hard9            in  13.24 | raise:0.005 20.35 (hard,9.0%) | raise:0.01 20.35 (hard,9.0%) | raise:0.02 20.35 (hard,9.0%) | smear6 20.35 (custom,9.0%)
violet__tanh6            in  18.89 | raise:0.005 23.34 (k0.900,2.7%) | raise:0.01 22.61 (k0.925,2.0%) | raise:0.02 22.61 (k0.925,2.0%) | smear6 13.82 (custom,43.4%)
violet__tanh9k4          in  12.41 | raise:0.005 17.45 (k0.800,12.7%) | raise:0.01 17.11 (k0.825,11.0%) | raise:0.02 17.11 (k0.825,11.0%) | smear6 14.21 (custom,13.0%)
violet__cubic6           in  17.59 | raise:0.005 19.48 (k0.875,2.1%) | raise:0.01 19.24 (k0.900,1.6%) | raise:0.02 18.99 (k0.925,1.2%) | smear6 18.07 (custom,0.3%)
violet__softhard6        in  19.67 | raise:0.005 24.39 (hard,1.5%) | raise:0.01 24.39 (hard,1.5%) | raise:0.02 24.39 (hard,1.5%) | smear6 24.39 (custom,1.5%)
violet__softhard9        in  13.22 | raise:0.005 19.24 (hard,7.0%) | raise:0.01 19.24 (hard,7.0%) | raise:0.02 19.24 (hard,7.0%) | smear6 19.24 (custom,7.0%)
violet__oshard6          in  19.81 | raise:0.005 26.89 (hard,2.8%) | raise:0.01 26.89 (hard,2.8%) | raise:0.02 26.89 (hard,2.8%) | smear6 26.89 (custom,2.8%)
violet__resamp6          in  19.82 | raise:0.005 27.01 (hard,3.0%) | raise:0.01 27.01 (hard,3.0%) | raise:0.02 27.01 (hard,3.0%) | smear6 27.01 (custom,3.0%)
violet__mp3_128          in  15.81 | raise:0.005 17.85 (hard,10.4%) | raise:0.01 17.85 (hard,10.4%) | raise:0.02 17.85 (hard,10.4%) | smear6 17.85 (custom,10.4%)
violet__aac_256          in  17.22 | raise:0.005 20.85 (hard,4.6%) | raise:0.01 20.85 (hard,4.6%) | raise:0.02 20.85 (hard,4.6%) | smear6 20.85 (custom,4.6%)
violet__vorbis_192       in  18.70 | raise:0.005 22.40 (hard,5.0%) | raise:0.01 22.40 (hard,5.0%) | raise:0.02 22.40 (hard,5.0%) | smear6 22.40 (custom,5.0%)
violet__al1_6            in  15.36 | raise:0.005 15.37 (hard,0.2%) | raise:0.01 15.37 (hard,0.2%) | raise:0.02 15.37 (hard,0.2%) | smear6 15.37 (custom,0.3%)
violet__osal1            in   8.27 | raise:0.005 8.31 (hard,1.3%) | raise:0.01 8.31 (hard,1.3%) | raise:0.02 8.31 (hard,1.3%) | smear6 8.31 (custom,1.3%)
bigshot__hard6           in  15.34 | raise:0.005 21.99 (hard,11.2%) | raise:0.01 21.99 (hard,11.2%) | raise:0.02 21.99 (hard,11.2%) | smear6 21.99 (custom,11.2%)
bigshot__hard9           in   9.75 | raise:0.005 16.07 (hard,25.5%) | raise:0.01 16.07 (hard,25.5%) | raise:0.02 16.07 (hard,25.5%) | smear6 16.07 (custom,25.5%)
bigshot__tanh6           in  14.71 | raise:0.005 17.22 (k0.950,6.9%) | raise:0.01 14.71 (hard,0.0%) | raise:0.02 14.71 (hard,0.0%) | smear6 18.15 (custom,34.7%)
bigshot__tanh9k4         in   9.33 | raise:0.005 13.38 (k0.850,26.2%) | raise:0.01 13.38 (k0.850,26.2%) | raise:0.02 12.95 (k0.875,23.4%) | smear6 14.69 (custom,38.5%)
bigshot__cubic6          in  14.12 | raise:0.005 14.12 (hard,0.0%) | raise:0.01 14.12 (hard,0.0%) | raise:0.02 14.12 (hard,0.0%) | smear6 14.70 (custom,2.0%)
bigshot__softhard6       in  15.26 | raise:0.005 19.62 (hard,7.8%) | raise:0.01 19.62 (hard,7.8%) | raise:0.02 19.62 (hard,7.8%) | smear6 19.62 (custom,7.8%)
bigshot__softhard9       in   9.75 | raise:0.005 15.08 (hard,21.8%) | raise:0.01 15.08 (hard,21.8%) | raise:0.02 15.08 (hard,21.8%) | smear6 15.08 (custom,21.8%)
bigshot__oshard6         in  15.34 | raise:0.005 21.90 (hard,11.6%) | raise:0.01 21.90 (hard,11.6%) | raise:0.02 21.90 (hard,11.6%) | smear6 21.90 (custom,11.6%)
bigshot__resamp6         in  15.34 | raise:0.005 21.99 (hard,11.2%) | raise:0.01 21.99 (hard,11.2%) | raise:0.02 21.99 (hard,11.2%) | smear6 21.99 (custom,11.2%)
bigshot__mp3_128         in  13.56 | raise:0.005 17.60 (hard,25.0%) | raise:0.01 17.60 (hard,25.0%) | raise:0.02 17.60 (hard,25.0%) | smear6 17.60 (custom,25.0%)
bigshot__aac_256         in  13.79 | raise:0.005 18.16 (hard,16.5%) | raise:0.01 18.16 (hard,16.5%) | raise:0.02 18.16 (hard,16.5%) | smear6 18.16 (custom,16.5%)
bigshot__vorbis_192      in  15.08 | raise:0.005 20.00 (hard,18.0%) | raise:0.01 20.00 (hard,18.0%) | raise:0.02 20.00 (hard,18.0%) | smear6 20.00 (custom,18.0%)
bigshot__al1_6           in  11.21 | raise:0.005 11.22 (hard,0.6%) | raise:0.01 11.22 (hard,0.6%) | raise:0.02 11.22 (hard,0.6%) | smear6 11.22 (custom,0.6%)
bigshot__osal1           in   5.57 | raise:0.005 5.85 (hard,8.6%) | raise:0.01 5.85 (hard,8.6%) | raise:0.02 5.85 (hard,8.6%) | smear6 5.85 (custom,8.6%)
knife__hard6             in  18.48 | raise:0.005 26.00 (hard,5.1%) | raise:0.01 26.00 (hard,5.1%) | raise:0.02 26.00 (hard,5.1%) | smear6 26.00 (custom,5.1%)
knife__hard9             in  11.98 | raise:0.005 18.78 (hard,16.3%) | raise:0.01 18.78 (hard,16.3%) | raise:0.02 18.78 (hard,16.3%) | smear6 18.78 (custom,16.3%)
knife__tanh6             in  17.57 | raise:0.005 20.04 (k0.950,2.7%) | raise:0.01 20.04 (k0.950,2.7%) | raise:0.02 20.04 (k0.950,2.7%) | smear6 12.26 (custom,59.2%)
knife__tanh9k4           in  11.26 | raise:0.005 15.19 (k0.850,17.0%) | raise:0.01 14.77 (k0.875,14.5%) | raise:0.02 14.77 (k0.875,14.5%) | smear6 15.37 (custom,41.6%)
knife__cubic6            in  16.44 | raise:0.005 16.44 (hard,0.1%) | raise:0.01 16.44 (hard,0.1%) | raise:0.02 16.44 (hard,0.1%) | smear6 16.87 (custom,0.6%)
knife__softhard6         in  18.34 | raise:0.005 22.96 (hard,3.2%) | raise:0.01 22.96 (hard,3.2%) | raise:0.02 22.96 (hard,3.2%) | smear6 22.96 (custom,3.2%)
knife__softhard9         in  11.96 | raise:0.005 17.70 (hard,13.1%) | raise:0.01 17.70 (hard,13.1%) | raise:0.02 17.70 (hard,13.1%) | smear6 17.70 (custom,13.1%)
knife__oshard6           in  18.49 | raise:0.005 25.68 (hard,5.5%) | raise:0.01 25.68 (hard,5.5%) | raise:0.02 25.68 (hard,5.5%) | smear6 25.68 (custom,5.5%)
knife__resamp6           in  18.48 | raise:0.005 26.00 (hard,5.1%) | raise:0.01 26.00 (hard,5.1%) | raise:0.02 26.00 (hard,5.1%) | smear6 26.00 (custom,5.1%)
knife__mp3_128           in  14.60 | raise:0.005 15.19 (hard,12.3%) | raise:0.01 15.19 (hard,12.3%) | raise:0.02 15.19 (hard,12.3%) | smear6 16.33 (custom,19.2%)
knife__aac_256           in  15.83 | raise:0.005 19.36 (hard,9.0%) | raise:0.01 19.36 (hard,9.0%) | raise:0.02 19.36 (hard,9.0%) | smear6 19.36 (custom,9.0%)
knife__vorbis_192        in  18.24 | raise:0.005 23.45 (hard,7.5%) | raise:0.01 23.45 (hard,7.5%) | raise:0.02 23.45 (hard,7.5%) | smear6 23.45 (custom,7.5%)
knife__al1_6             in  14.00 | raise:0.005 14.02 (hard,0.4%) | raise:0.01 14.02 (hard,0.4%) | raise:0.02 14.02 (hard,0.4%) | smear6 14.03 (custom,0.7%)
knife__osal1             in   6.81 | raise:0.005 6.82 (hard,0.6%) | raise:0.01 6.82 (hard,0.6%) | raise:0.02 6.82 (hard,0.6%) | smear6 6.84 (custom,1.5%)
QUEUE1 DONE
