ex__oshard6              in  25.40 | smear:1:0 34.93 (custom,1.6%) | smear:2:0 37.05 (custom,1.7%) | smear:4:0 38.39 (custom,1.8%) | smear:8:0 40.13 (custom,1.9%) | smear:1:1 34.92 (custom,1.6%) | smear:2:1 37.03 (custom,1.7%) | smear:4:1 38.37 (custom,1.8%) | smear:8:1 40.09 (custom,1.9%)
ex__resamp6              in  25.40 | smear:1:0 34.17 (custom,1.6%) | smear:2:0 36.26 (custom,1.7%) | smear:4:0 37.89 (custom,1.8%) | smear:8:0 39.31 (custom,1.9%) | smear:1:1 34.16 (custom,1.6%) | smear:2:1 36.23 (custom,1.7%) | smear:4:1 37.85 (custom,1.8%) | smear:8:1 39.26 (custom,1.9%)
ex__mp3_128              in  20.58 | smear:1:0 21.93 (custom,1.8%) | smear:2:0 22.72 (custom,2.3%) | smear:4:0 23.01 (custom,3.3%) | smear:8:0 23.23 (custom,6.1%) | smear:1:1 21.85 (custom,1.8%) | smear:2:1 22.64 (custom,2.3%) | smear:4:1 22.86 (custom,3.3%) | smear:8:1 22.94 (custom,6.1%)
ex__aac_256              in  21.72 | smear:1:0 23.61 (custom,1.5%) | smear:2:0 24.45 (custom,1.8%) | smear:4:0 25.16 (custom,2.2%) | smear:8:0 25.47 (custom,2.8%) | smear:1:1 23.57 (custom,1.5%) | smear:2:1 24.40 (custom,1.8%) | smear:4:1 25.08 (custom,2.2%) | smear:8:1 25.32 (custom,2.8%)
ex__vorbis_192           in  24.76 | smear:1:0 27.36 (custom,1.5%) | smear:2:0 29.55 (custom,1.9%) | smear:4:0 31.19 (custom,2.3%) | smear:8:0 31.13 (custom,3.2%) | smear:1:1 27.29 (custom,1.5%) | smear:2:1 29.45 (custom,1.9%) | smear:4:1 31.14 (custom,2.3%) | smear:8:1 31.14 (custom,3.2%)
petal__oshard6           in  21.89 | smear:1:0 27.48 (custom,1.5%) | smear:2:0 30.73 (custom,1.6%) | smear:4:0 32.77 (custom,1.6%) | smear:8:0 32.85 (custom,1.7%) | smear:1:1 27.47 (custom,1.5%) | smear:2:1 30.71 (custom,1.6%) | smear:4:1 32.73 (custom,1.6%) | smear:8:1 32.80 (custom,1.7%)
petal__resamp6           in  21.89 | smear:1:0 27.69 (custom,1.5%) | smear:2:0 30.67 (custom,1.6%) | smear:4:0 32.45 (custom,1.7%) | smear:8:0 32.87 (custom,1.8%) | smear:1:1 27.67 (custom,1.5%) | smear:2:1 30.64 (custom,1.6%) | smear:4:1 32.40 (custom,1.7%) | smear:8:1 32.80 (custom,1.8%)
petal__mp3_128           in  18.06 | smear:1:0 19.16 (custom,1.7%) | smear:2:0 20.11 (custom,2.3%) | smear:4:0 20.78 (custom,3.3%) | smear:8:0 20.84 (custom,6.5%) | smear:1:1 19.06 (custom,1.7%) | smear:2:1 19.94 (custom,2.3%) | smear:4:1 20.48 (custom,3.3%) | smear:8:1 20.43 (custom,6.5%)
petal__aac_256           in  19.13 | smear:1:0 21.71 (custom,1.6%) | smear:2:0 22.87 (custom,1.9%) | smear:4:0 23.28 (custom,2.4%) | smear:8:0 23.41 (custom,3.6%) | smear:1:1 21.61 (custom,1.6%) | smear:2:1 22.68 (custom,1.9%) | smear:4:1 22.98 (custom,2.4%) | smear:8:1 22.99 (custom,3.6%)
petal__vorbis_192        in  20.80 | smear:1:0 22.97 (custom,1.5%) | smear:2:0 24.52 (custom,1.9%) | smear:4:0 25.63 (custom,2.4%) | smear:8:0 25.34 (custom,3.7%) | smear:1:1 22.86 (custom,1.5%) | smear:2:1 24.37 (custom,1.9%) | smear:4:1 25.45 (custom,2.4%) | smear:8:1 25.23 (custom,3.7%)
ruder__oshard6           in  19.24 | smear:1:0 24.53 (custom,2.9%) | smear:2:0 27.19 (custom,3.1%) | smear:4:0 28.34 (custom,3.3%) | smear:8:0 28.41 (custom,3.5%) | smear:1:1 24.50 (custom,2.9%) | smear:2:1 27.15 (custom,3.1%) | smear:4:1 28.29 (custom,3.3%) | smear:8:1 28.34 (custom,3.5%)
ruder__resamp6           in  19.23 | smear:1:0 24.70 (custom,2.9%) | smear:2:0 26.98 (custom,3.2%) | smear:4:0 28.08 (custom,3.4%) | smear:8:0 28.26 (custom,3.7%) | smear:1:1 24.65 (custom,2.9%) | smear:2:1 26.91 (custom,3.2%) | smear:4:1 28.00 (custom,3.4%) | smear:8:1 28.16 (custom,3.7%)
ruder__mp3_128           in  16.39 | smear:1:0 17.42 (custom,3.4%) | smear:2:0 18.66 (custom,4.6%) | smear:4:0 19.51 (custom,6.8%) | smear:8:0 19.46 (custom,13.7%) | smear:1:1 17.28 (custom,3.4%) | smear:2:1 18.41 (custom,4.6%) | smear:4:1 19.06 (custom,6.8%) | smear:8:1 18.92 (custom,13.7%)
ruder__aac_256           in  16.93 | smear:1:0 18.44 (custom,2.9%) | smear:2:0 19.84 (custom,3.6%) | smear:4:0 20.73 (custom,4.5%) | smear:8:0 21.10 (custom,6.7%) | smear:1:1 18.35 (custom,2.9%) | smear:2:1 19.67 (custom,3.6%) | smear:4:1 20.42 (custom,4.5%) | smear:8:1 20.64 (custom,6.7%)
ruder__vorbis_192        in  18.19 | smear:1:0 20.09 (custom,3.1%) | smear:2:0 21.85 (custom,4.0%) | smear:4:0 22.71 (custom,5.3%) | smear:8:0 22.14 (custom,8.6%) | smear:1:1 19.89 (custom,3.1%) | smear:2:1 21.59 (custom,4.0%) | smear:4:1 22.43 (custom,5.3%) | smear:8:1 22.05 (custom,8.6%)
thrash__oshard6          in  20.51 | smear:1:0 27.11 (custom,2.2%) | smear:2:0 32.04 (custom,2.4%) | smear:4:0 34.60 (custom,2.5%) | smear:8:0 34.84 (custom,2.6%) | smear:1:1 27.09 (custom,2.2%) | smear:2:1 32.02 (custom,2.4%) | smear:4:1 34.58 (custom,2.5%) | smear:8:1 34.81 (custom,2.6%)
thrash__resamp6          in  20.51 | smear:1:0 27.68 (custom,2.3%) | smear:2:0 31.31 (custom,2.4%) | smear:4:0 34.16 (custom,2.5%) | smear:8:0 34.72 (custom,2.7%) | smear:1:1 27.65 (custom,2.3%) | smear:2:1 31.28 (custom,2.4%) | smear:4:1 34.13 (custom,2.5%) | smear:8:1 34.68 (custom,2.7%)
thrash__mp3_128          in  18.08 | smear:1:0 19.55 (custom,2.5%) | smear:2:0 21.48 (custom,3.2%) | smear:4:0 22.95 (custom,4.2%) | smear:8:0 23.24 (custom,7.0%) | smear:1:1 19.44 (custom,2.5%) | smear:2:1 21.31 (custom,3.2%) | smear:4:1 22.69 (custom,4.2%) | smear:8:1 22.79 (custom,7.0%)
thrash__aac_256          in  18.38 | smear:1:0 20.72 (custom,2.2%) | smear:2:0 22.61 (custom,2.6%) | smear:4:0 23.99 (custom,3.1%) | smear:8:0 24.32 (custom,4.0%) | smear:1:1 20.66 (custom,2.2%) | smear:2:1 22.52 (custom,2.6%) | smear:4:1 23.83 (custom,3.1%) | smear:8:1 24.08 (custom,4.0%)
thrash__vorbis_192       in  20.28 | smear:1:0 23.68 (custom,2.3%) | smear:2:0 26.22 (custom,2.7%) | smear:4:0 28.70 (custom,3.3%) | smear:8:0 28.66 (custom,4.4%) | smear:1:1 23.57 (custom,2.3%) | smear:2:1 26.09 (custom,2.7%) | smear:4:1 28.59 (custom,3.3%) | smear:8:1 28.64 (custom,4.4%)
violet__oshard6          in  19.81 | smear:1:0 25.32 (custom,2.3%) | smear:2:0 26.49 (custom,2.5%) | smear:4:0 26.87 (custom,2.6%) | smear:8:0 26.89 (custom,2.9%) | smear:1:1 25.26 (custom,2.3%) | smear:2:1 26.39 (custom,2.5%) | smear:4:1 26.75 (custom,2.6%) | smear:8:1 26.75 (custom,2.9%)
violet__resamp6          in  19.82 | smear:1:0 25.35 (custom,2.3%) | smear:2:0 26.44 (custom,2.5%) | smear:4:0 26.91 (custom,2.8%) | smear:8:0 27.04 (custom,3.2%) | smear:1:1 25.25 (custom,2.3%) | smear:2:1 26.29 (custom,2.5%) | smear:4:1 26.73 (custom,2.8%) | smear:8:1 26.82 (custom,3.2%)
violet__mp3_128          in  15.81 | smear:1:0 16.80 (custom,2.9%) | smear:2:0 17.49 (custom,4.1%) | smear:4:0 17.88 (custom,6.6%) | smear:8:0 17.46 (custom,16.1%) | smear:1:1 16.57 (custom,2.9%) | smear:2:1 17.13 (custom,4.1%) | smear:4:1 17.38 (custom,6.6%) | smear:8:1 17.14 (custom,16.1%)
violet__aac_256          in  17.22 | smear:1:0 19.35 (custom,2.4%) | smear:2:0 20.34 (custom,3.0%) | smear:4:0 20.74 (custom,3.7%) | smear:8:0 20.92 (custom,5.6%) | smear:1:1 19.16 (custom,2.4%) | smear:2:1 20.04 (custom,3.0%) | smear:4:1 20.32 (custom,3.7%) | smear:8:1 20.41 (custom,5.6%)
violet__vorbis_192       in  18.70 | smear:1:0 20.74 (custom,2.4%) | smear:2:0 21.80 (custom,3.0%) | smear:4:0 22.49 (custom,3.9%) | smear:8:0 22.10 (custom,6.3%) | smear:1:1 20.54 (custom,2.4%) | smear:2:1 21.52 (custom,3.0%) | smear:4:1 22.17 (custom,3.9%) | smear:8:1 21.97 (custom,6.3%)
bigshot__oshard6         in  15.34 | smear:1:0 19.70 (custom,9.9%) | smear:2:0 21.20 (custom,10.7%) | smear:4:0 21.81 (custom,11.2%) | smear:8:0 21.93 (custom,11.9%) | smear:1:1 19.65 (custom,9.9%) | smear:2:1 21.13 (custom,10.7%) | smear:4:1 21.73 (custom,11.2%) | smear:8:1 21.84 (custom,11.9%)
bigshot__resamp6         in  15.34 | smear:1:0 18.13 (custom,10.2%) | smear:2:0 21.99 (custom,11.1%) | smear:4:0 21.99 (custom,11.1%) | smear:8:0 22.00 (custom,11.2%) | smear:1:1 18.13 (custom,10.2%) | smear:2:1 21.98 (custom,11.1%) | smear:4:1 21.98 (custom,11.1%) | smear:8:1 21.99 (custom,11.2%)
bigshot__mp3_128         in  13.56 | smear:1:0 14.73 (custom,11.2%) | smear:2:0 16.28 (custom,14.4%) | smear:4:0 17.48 (custom,19.5%) | smear:8:0 17.22 (custom,31.4%) | smear:1:1 14.33 (custom,11.2%) | smear:2:1 15.64 (custom,14.4%) | smear:4:1 16.61 (custom,19.5%) | smear:8:1 16.77 (custom,31.4%)
bigshot__aac_256         in  13.79 | smear:1:0 15.30 (custom,9.7%) | smear:2:0 16.91 (custom,12.0%) | smear:4:0 17.88 (custom,14.3%) | smear:8:0 18.36 (custom,18.8%) | smear:1:1 15.10 (custom,9.7%) | smear:2:1 16.56 (custom,12.0%) | smear:4:1 17.34 (custom,14.3%) | smear:8:1 17.73 (custom,18.8%)
bigshot__vorbis_192      in  15.08 | smear:1:0 16.99 (custom,10.0%) | smear:2:0 18.51 (custom,12.4%) | smear:4:0 20.08 (custom,15.3%) | smear:8:0 19.67 (custom,20.9%) | smear:1:1 16.67 (custom,10.0%) | smear:2:1 18.04 (custom,12.4%) | smear:4:1 19.53 (custom,15.3%) | smear:8:1 19.45 (custom,20.9%)
knife__oshard6           in  18.49 | smear:1:0 23.00 (custom,4.5%) | smear:2:0 24.91 (custom,4.9%) | smear:4:0 25.63 (custom,5.2%) | smear:8:0 25.67 (custom,5.7%) | smear:1:1 22.95 (custom,4.5%) | smear:2:1 24.86 (custom,4.9%) | smear:4:1 25.56 (custom,5.2%) | smear:8:1 25.57 (custom,5.7%)
knife__resamp6           in  18.48 | smear:1:0 20.88 (custom,3.5%) | smear:2:0 26.00 (custom,5.1%) | smear:4:0 26.00 (custom,5.1%) | smear:8:0 26.00 (custom,5.1%) | smear:1:1 20.88 (custom,3.5%) | smear:2:1 26.00 (custom,5.1%) | smear:4:1 26.00 (custom,5.1%) | smear:8:1 26.00 (custom,5.1%)
knife__mp3_128           in  14.60 | smear:1:0 14.96 (custom,4.2%) | smear:2:0 15.39 (custom,6.7%) | smear:4:0 16.25 (custom,12.2%) | smear:8:0 15.96 (custom,28.7%) | smear:1:1 14.83 (custom,4.2%) | smear:2:1 15.15 (custom,6.7%) | smear:4:1 15.79 (custom,12.2%) | smear:8:1 15.55 (custom,28.7%)
knife__aac_256           in  15.83 | smear:1:0 17.64 (custom,4.6%) | smear:2:0 18.67 (custom,5.8%) | smear:4:0 19.28 (custom,7.4%) | smear:8:0 19.38 (custom,10.8%) | smear:1:1 17.49 (custom,4.6%) | smear:2:1 18.43 (custom,5.8%) | smear:4:1 18.89 (custom,7.4%) | smear:8:1 18.83 (custom,10.8%)
knife__vorbis_192        in  18.24 | smear:1:0 21.24 (custom,4.6%) | smear:2:0 22.72 (custom,5.5%) | smear:4:0 23.38 (custom,6.5%) | smear:8:0 23.31 (custom,8.6%) | smear:1:1 21.09 (custom,4.6%) | smear:2:1 22.52 (custom,5.5%) | smear:4:1 23.11 (custom,6.5%) | smear:8:1 23.04 (custom,8.6%)
