ex__hard6                in  25.40 | auto 40.87 (hard,1.7%) | hard 40.87 (hard,1.7%) | soft 35.10 (soft,6.5%) | soft:0.5 23.79 (soft,28.1%) | soft:0.6 27.56 (soft,18.6%) | soft:0.7 31.43 (soft,11.4%) | soft:0.9 38.82 (soft,3.4%)
ex__hard9                in  15.91 | auto 30.83 (hard,11.0%) | hard 30.83 (hard,11.0%) | soft 27.60 (soft,21.6%) | soft:0.5 19.66 (soft,45.2%) | soft:0.6 22.38 (soft,36.5%) | soft:0.7 25.08 (soft,28.6%) | soft:0.9 29.89 (soft,15.7%)
ex__tanh6                in  23.32 | auto 23.32 (auto,0.0%) | hard 23.32 (hard,0.0%) | soft 33.56 (soft,5.9%) | soft:0.5 24.88 (soft,28.4%) | soft:0.6 28.86 (soft,18.9%) | soft:0.7 32.73 (soft,11.5%) | soft:0.9 28.02 (soft,2.0%)
ex__tanh9k4              in  14.32 | auto 14.84 (soft,4.2%) | hard 14.32 (hard,0.0%) | soft 20.19 (soft,15.9%) | soft:0.5 21.94 (soft,45.2%) | soft:0.6 24.50 (soft,36.0%) | soft:0.7 24.44 (soft,26.6%) | soft:0.9 16.61 (soft,7.0%)
ex__cubic6               in  20.17 | auto 20.19 (hard,0.0%) | hard 20.19 (hard,0.0%) | soft 21.82 (soft,3.2%) | soft:0.5 26.46 (soft,26.0%) | soft:0.6 25.25 (soft,15.6%) | soft:0.7 23.31 (soft,7.9%) | soft:0.9 20.83 (soft,0.9%)
ex__softhard6            in  24.92 | auto 29.23 (hard,0.8%) | hard 29.23 (hard,0.8%) | soft 35.64 (soft,6.1%) | soft:0.5 24.65 (soft,28.1%) | soft:0.6 28.74 (soft,18.6%) | soft:0.7 32.91 (soft,11.3%) | soft:0.9 33.51 (soft,2.7%)
ex__softhard9            in  15.87 | auto 24.11 (hard,7.7%) | hard 24.11 (hard,7.7%) | soft 28.22 (soft,21.4%) | soft:0.5 20.24 (soft,45.2%) | soft:0.6 23.18 (soft,36.5%) | soft:0.7 25.92 (soft,28.6%) | soft:0.9 28.96 (soft,14.6%)
ex__oshard6              in  25.40 | auto 25.40 (auto,0.0%) | hard 25.40 (hard,0.0%) | soft 35.39 (soft,6.1%) | soft:0.5 23.99 (soft,27.5%) | soft:0.6 27.77 (soft,18.0%) | soft:0.7 31.72 (soft,10.9%) | soft:0.9 39.00 (soft,3.2%)
ex__resamp6              in  25.40 | auto 25.40 (auto,0.0%) | hard 25.40 (hard,0.0%) | soft 35.51 (soft,5.9%) | soft:0.5 24.29 (soft,27.1%) | soft:0.6 28.12 (soft,17.7%) | soft:0.7 31.96 (soft,10.6%) | soft:0.9 38.98 (soft,3.1%)
ex__mp3_128              in  20.58 | auto 20.58 (auto,0.0%) | hard 20.58 (hard,0.0%) | soft 23.08 (soft,4.0%) | soft:0.5 23.22 (soft,23.5%) | soft:0.6 23.46 (soft,14.3%) | soft:0.7 23.32 (soft,7.9%) | soft:0.9 21.12 (soft,1.3%)
ex__aac_256              in  21.72 | auto 21.72 (auto,0.0%) | hard 21.72 (hard,0.0%) | soft 25.81 (soft,5.8%) | soft:0.5 25.39 (soft,27.4%) | soft:0.6 26.31 (soft,17.9%) | soft:0.7 26.17 (soft,10.6%) | soft:0.9 25.46 (soft,2.8%)
ex__vorbis_192           in  24.76 | auto 24.76 (auto,0.0%) | hard 24.76 (hard,0.0%) | soft 30.43 (soft,5.3%) | soft:0.5 23.33 (soft,26.2%) | soft:0.6 26.40 (soft,16.8%) | soft:0.7 28.83 (soft,9.9%) | soft:0.9 31.23 (soft,2.7%)
ex__al1_6                in  21.08 | auto 21.09 (hard,0.1%) | hard 21.09 (hard,0.1%) | soft 21.89 (soft,5.3%) | soft:0.5 23.07 (soft,27.5%) | soft:0.6 23.53 (soft,17.8%) | soft:0.7 22.79 (soft,10.4%) | soft:0.9 21.40 (soft,2.1%)
ex__osal1                in   9.35 | auto 9.35 (hard,0.4%) | hard 9.35 (hard,0.4%) | soft 9.71 (soft,15.2%) | soft:0.5 11.43 (soft,43.6%) | soft:0.6 10.62 (soft,33.6%) | soft:0.7 10.06 (soft,24.1%) | soft:0.9 9.51 (soft,7.6%)
petal__hard6             in  21.89 | auto 33.02 (hard,1.6%) | hard 33.02 (hard,1.6%) | soft 30.26 (soft,4.5%) | soft:0.5 21.85 (soft,17.8%) | soft:0.6 24.93 (soft,11.5%) | soft:0.7 27.65 (soft,7.3%) | soft:0.9 32.16 (soft,2.7%)
petal__hard9             in  14.62 | auto 24.16 (hard,7.0%) | hard 24.16 (hard,7.0%) | soft 23.81 (soft,13.4%) | soft:0.5 18.24 (soft,32.3%) | soft:0.6 20.42 (soft,24.4%) | soft:0.7 22.33 (soft,18.2%) | soft:0.9 24.79 (soft,9.7%)
petal__tanh6             in  20.73 | auto 20.73 (auto,0.0%) | hard 20.73 (hard,0.0%) | soft 28.35 (soft,4.2%) | soft:0.5 22.51 (soft,18.0%) | soft:0.6 25.35 (soft,11.6%) | soft:0.7 27.53 (soft,7.3%) | soft:0.9 25.96 (soft,1.8%)
petal__tanh9k4           in  13.57 | auto 13.57 (auto,0.0%) | hard 13.57 (hard,0.0%) | soft 19.48 (soft,10.4%) | soft:0.5 19.15 (soft,32.3%) | soft:0.6 20.60 (soft,23.9%) | soft:0.7 20.88 (soft,16.7%) | soft:0.9 16.71 (soft,4.8%)
petal__cubic6            in  18.95 | auto 19.17 (hard,0.1%) | hard 19.17 (hard,0.1%) | soft 21.45 (soft,2.6%) | soft:0.5 23.29 (soft,16.3%) | soft:0.6 23.46 (soft,9.7%) | soft:0.7 22.54 (soft,5.3%) | soft:0.9 20.41 (soft,1.0%)
petal__softhard6         in  21.69 | auto 26.71 (hard,0.9%) | hard 26.71 (hard,0.9%) | soft 29.78 (soft,4.3%) | soft:0.5 22.40 (soft,17.8%) | soft:0.6 25.46 (soft,11.5%) | soft:0.7 28.02 (soft,7.2%) | soft:0.9 29.60 (soft,2.3%)
petal__softhard9         in  14.59 | auto 21.70 (hard,5.2%) | hard 21.70 (hard,5.2%) | soft 23.62 (soft,13.3%) | soft:0.5 18.57 (soft,32.3%) | soft:0.6 20.70 (soft,24.4%) | soft:0.7 22.45 (soft,18.2%) | soft:0.9 24.00 (soft,9.1%)
petal__oshard6           in  21.89 | auto 23.35 (hard,0.7%) | hard 23.35 (hard,0.7%) | soft 30.34 (soft,4.4%) | soft:0.5 21.93 (soft,17.6%) | soft:0.6 25.05 (soft,11.3%) | soft:0.7 27.78 (soft,7.1%) | soft:0.9 32.17 (soft,2.7%)
petal__resamp6           in  21.89 | auto 21.89 (auto,0.0%) | hard 21.89 (hard,0.0%) | soft 30.51 (soft,4.3%) | soft:0.5 22.06 (soft,17.4%) | soft:0.6 25.11 (soft,11.2%) | soft:0.7 27.94 (soft,7.0%) | soft:0.9 32.32 (soft,2.6%)
petal__mp3_128           in  18.06 | auto 18.33 (soft,0.6%) | hard 18.06 (hard,0.0%) | soft 19.68 (soft,2.5%) | soft:0.5 20.35 (soft,14.5%) | soft:0.6 20.79 (soft,8.9%) | soft:0.7 20.87 (soft,5.3%) | soft:0.9 18.51 (soft,1.2%)
petal__aac_256           in  19.13 | auto 21.26 (soft,1.3%) | hard 19.13 (hard,0.0%) | soft 22.19 (soft,2.2%) | soft:0.5 22.55 (soft,15.9%) | soft:0.6 23.43 (soft,9.9%) | soft:0.7 23.55 (soft,6.0%) | soft:0.9 23.06 (soft,2.0%)
petal__vorbis_192        in  20.80 | auto 22.46 (soft,1.2%) | hard 20.80 (hard,0.0%) | soft 23.20 (soft,2.1%) | soft:0.5 21.09 (soft,15.7%) | soft:0.6 23.20 (soft,9.8%) | soft:0.7 24.57 (soft,6.0%) | soft:0.9 24.90 (soft,2.0%)
petal__al1_6             in  17.93 | auto 17.94 (hard,0.2%) | hard 17.94 (hard,0.2%) | soft 18.60 (soft,3.4%) | soft:0.5 19.45 (soft,16.8%) | soft:0.6 19.39 (soft,10.4%) | soft:0.7 19.01 (soft,6.2%) | soft:0.9 18.22 (soft,1.5%)
petal__osal1             in   8.77 | auto 8.79 (hard,0.7%) | hard 8.79 (hard,0.7%) | soft 9.26 (soft,10.4%) | soft:0.5 10.15 (soft,32.5%) | soft:0.6 9.76 (soft,23.6%) | soft:0.7 9.48 (soft,16.2%) | soft:0.9 9.07 (soft,5.6%)
ruder__hard6             in  19.23 | auto 28.10 (hard,3.2%) | hard 28.10 (hard,3.2%) | soft 26.67 (soft,7.8%) | soft:0.5 19.59 (soft,25.1%) | soft:0.6 22.28 (soft,17.3%) | soft:0.7 24.63 (soft,11.7%) | soft:0.9 28.04 (soft,5.0%)
ruder__hard9             in  12.79 | auto 21.78 (hard,11.4%) | hard 21.78 (hard,11.4%) | soft 20.86 (soft,19.7%) | soft:0.5 16.42 (soft,40.9%) | soft:0.6 18.27 (soft,32.5%) | soft:0.7 19.73 (soft,25.5%) | soft:0.9 21.58 (soft,15.0%)
ruder__tanh6             in  18.35 | auto 18.35 (auto,0.0%) | hard 18.35 (hard,0.0%) | soft 25.27 (soft,7.2%) | soft:0.5 20.18 (soft,25.1%) | soft:0.6 22.66 (soft,17.4%) | soft:0.7 24.43 (soft,11.7%) | soft:0.9 23.67 (soft,3.4%)
ruder__tanh9k4           in  12.00 | auto 13.67 (soft,3.8%) | hard 12.00 (hard,0.0%) | soft 16.00 (soft,11.5%) | soft:0.5 17.14 (soft,40.9%) | soft:0.6 18.31 (soft,31.9%) | soft:0.7 18.65 (soft,23.7%) | soft:0.9 15.60 (soft,8.1%)
ruder__cubic6            in  17.13 | auto 17.51 (hard,0.3%) | hard 17.51 (hard,0.3%) | soft 20.14 (soft,4.8%) | soft:0.5 21.09 (soft,23.3%) | soft:0.6 21.70 (soft,14.9%) | soft:0.7 21.14 (soft,8.9%) | soft:0.9 19.04 (soft,2.1%)
ruder__softhard6         in  19.10 | auto 24.43 (hard,2.0%) | hard 24.43 (hard,2.0%) | soft 26.35 (soft,7.5%) | soft:0.5 20.07 (soft,25.1%) | soft:0.6 22.73 (soft,17.3%) | soft:0.7 24.87 (soft,11.7%) | soft:0.9 26.47 (soft,4.3%)
ruder__softhard9         in  12.77 | auto 20.14 (hard,8.8%) | hard 20.14 (hard,8.8%) | soft 20.72 (soft,19.6%) | soft:0.5 16.69 (soft,40.9%) | soft:0.6 18.48 (soft,32.5%) | soft:0.7 19.80 (soft,25.5%) | soft:0.9 21.13 (soft,14.2%)
ruder__oshard6           in  19.24 | auto 19.24 (hard,0.0%) | hard 19.24 (hard,0.0%) | soft 26.82 (soft,7.4%) | soft:0.5 19.78 (soft,24.5%) | soft:0.6 22.49 (soft,16.8%) | soft:0.7 24.84 (soft,11.3%) | soft:0.9 28.05 (soft,4.8%)
ruder__resamp6           in  19.23 | auto 19.23 (auto,0.0%) | hard 19.23 (hard,0.0%) | soft 26.93 (soft,7.2%) | soft:0.5 19.99 (soft,24.0%) | soft:0.6 22.72 (soft,16.4%) | soft:0.7 25.04 (soft,11.0%) | soft:0.9 28.10 (soft,4.6%)
ruder__mp3_128           in  16.39 | auto 16.39 (auto,0.0%) | hard 16.39 (hard,0.0%) | soft 18.95 (soft,4.9%) | soft:0.5 19.03 (soft,20.0%) | soft:0.6 19.53 (soft,12.9%) | soft:0.7 19.61 (soft,8.2%) | soft:0.9 16.49 (soft,1.2%)
ruder__aac_256           in  16.93 | auto 18.13 (soft,2.2%) | hard 16.93 (hard,0.0%) | soft 18.96 (soft,4.0%) | soft:0.5 20.55 (soft,22.3%) | soft:0.6 21.24 (soft,14.9%) | soft:0.7 21.29 (soft,9.6%) | soft:0.9 19.57 (soft,3.5%)
ruder__vorbis_192        in  18.19 | auto 19.31 (soft,2.0%) | hard 18.19 (hard,0.0%) | soft 20.04 (soft,3.7%) | soft:0.5 18.96 (soft,21.6%) | soft:0.6 20.81 (soft,14.3%) | soft:0.7 22.03 (soft,9.2%) | soft:0.9 19.84 (soft,2.9%)
ruder__al1_6             in   9.50 | auto 9.51 (hard,0.1%) | hard 9.51 (hard,0.1%) | soft 9.60 (soft,4.1%) | soft:0.5 9.77 (soft,20.7%) | soft:0.6 9.73 (soft,13.1%) | soft:0.7 9.67 (soft,7.8%) | soft:0.9 9.54 (soft,1.7%)
ruder__osal1             in   6.30 | auto 6.31 (hard,0.5%) | hard 6.31 (hard,0.5%) | soft 6.60 (soft,9.8%) | soft:0.5 7.04 (soft,32.6%) | soft:0.6 6.85 (soft,23.4%) | soft:0.7 6.71 (soft,15.8%) | soft:0.9 6.48 (soft,4.9%)
thrash__hard6            in  20.51 | auto 33.64 (hard,2.5%) | hard 33.64 (hard,2.5%) | soft 31.98 (soft,6.4%) | soft:0.5 23.49 (soft,22.1%) | soft:0.6 26.42 (soft,15.0%) | soft:0.7 29.28 (soft,9.9%) | soft:0.9 33.90 (soft,4.1%)
thrash__hard6            in  20.51 | auto 33.64 (hard,2.5%) | hard 33.64 (hard,2.5%) | soft 31.98 (soft,6.4%) | soft:0.5 23.49 (soft,22.1%) | soft:0.6 26.42 (soft,15.0%) | soft:0.7 29.28 (soft,9.9%) | soft:0.9 33.90 (soft,4.1%)
thrash__hard9            in  13.53 | auto 27.45 (hard,9.6%) | hard 27.45 (hard,9.6%) | soft 25.87 (soft,17.2%) | soft:0.5 19.77 (soft,36.7%) | soft:0.6 22.14 (soft,29.0%) | soft:0.7 24.22 (soft,22.5%) | soft:0.9 27.00 (soft,12.9%)
thrash__tanh6            in  19.45 | auto 19.45 (auto,0.0%) | hard 19.45 (hard,0.0%) | soft 30.31 (soft,5.9%) | soft:0.5 24.42 (soft,22.2%) | soft:0.6 27.28 (soft,15.1%) | soft:0.7 29.54 (soft,9.9%) | soft:0.9 25.87 (soft,2.7%)
thrash__tanh9k4          in  12.62 | auto 14.29 (soft,4.5%) | hard 12.62 (hard,0.0%) | soft 18.33 (soft,10.8%) | soft:0.5 21.07 (soft,36.7%) | soft:0.6 22.82 (soft,28.4%) | soft:0.7 23.01 (soft,20.9%) | soft:0.9 16.50 (soft,6.7%)
thrash__cubic6           in  17.94 | auto 18.20 (hard,0.2%) | hard 18.20 (hard,0.2%) | soft 21.19 (soft,3.8%) | soft:0.5 24.89 (soft,20.5%) | soft:0.6 24.32 (soft,12.9%) | soft:0.7 22.84 (soft,7.4%) | soft:0.9 19.74 (soft,1.5%)
thrash__softhard6        in  20.33 | auto 26.37 (hard,1.4%) | hard 26.37 (hard,1.4%) | soft 31.69 (soft,6.1%) | soft:0.5 24.22 (soft,22.1%) | soft:0.6 27.20 (soft,15.0%) | soft:0.7 29.88 (soft,9.9%) | soft:0.9 30.77 (soft,3.4%)
thrash__softhard9        in  13.51 | auto 23.27 (hard,7.3%) | hard 23.27 (hard,7.3%) | soft 25.84 (soft,17.1%) | soft:0.5 20.20 (soft,36.7%) | soft:0.6 22.56 (soft,29.0%) | soft:0.7 24.50 (soft,22.5%) | soft:0.9 26.29 (soft,12.2%)
thrash__oshard6          in  20.51 | auto 20.52 (hard,0.1%) | hard 20.52 (hard,0.1%) | soft 32.06 (soft,6.2%) | soft:0.5 23.60 (soft,21.8%) | soft:0.6 26.52 (soft,14.8%) | soft:0.7 29.37 (soft,9.7%) | soft:0.9 33.99 (soft,3.9%)
thrash__resamp6          in  20.51 | auto 20.51 (auto,0.0%) | hard 20.51 (hard,0.0%) | soft 32.24 (soft,6.1%) | soft:0.5 23.70 (soft,21.6%) | soft:0.6 26.75 (soft,14.6%) | soft:0.7 29.64 (soft,9.6%) | soft:0.9 34.09 (soft,3.9%)
thrash__mp3_128          in  18.08 | auto 18.58 (soft,1.2%) | hard 18.08 (hard,0.0%) | soft 20.20 (soft,3.4%) | soft:0.5 22.86 (soft,18.9%) | soft:0.6 23.29 (soft,12.3%) | soft:0.7 23.29 (soft,7.7%) | soft:0.9 19.40 (soft,2.4%)
thrash__aac_256          in  18.38 | auto 20.61 (soft,1.9%) | hard 18.38 (hard,0.0%) | soft 21.88 (soft,3.1%) | soft:0.5 24.39 (soft,21.0%) | soft:0.6 24.86 (soft,14.0%) | soft:0.7 24.83 (soft,8.9%) | soft:0.9 24.16 (soft,3.4%)
thrash__vorbis_192       in  20.28 | auto 23.07 (soft,1.9%) | hard 20.28 (hard,0.0%) | soft 24.67 (soft,3.1%) | soft:0.5 22.83 (soft,20.1%) | soft:0.6 25.12 (soft,13.3%) | soft:0.7 27.08 (soft,8.5%) | soft:0.9 28.51 (soft,3.2%)
thrash__al1_6            in  16.46 | auto 16.47 (hard,0.2%) | hard 16.47 (hard,0.2%) | soft 17.01 (soft,4.5%) | soft:0.5 19.01 (soft,20.7%) | soft:0.6 18.23 (soft,13.5%) | soft:0.7 17.50 (soft,8.2%) | soft:0.9 16.67 (soft,2.0%)
thrash__osal1            in   7.86 | auto 7.86 (hard,0.6%) | hard 7.86 (hard,0.6%) | soft 8.25 (soft,10.8%) | soft:0.5 9.13 (soft,33.3%) | soft:0.6 8.74 (soft,24.5%) | soft:0.7 8.45 (soft,17.0%) | soft:0.9 8.10 (soft,5.7%)
violet__hard6            in  19.82 | auto 27.17 (hard,2.5%) | hard 27.17 (hard,2.5%) | soft 25.82 (soft,6.1%) | soft:0.5 18.71 (soft,20.7%) | soft:0.6 21.32 (soft,14.0%) | soft:0.7 23.91 (soft,9.3%) | soft:0.9 26.89 (soft,3.9%)
violet__hard9            in  13.24 | auto 20.35 (hard,9.0%) | hard 20.35 (hard,9.0%) | soft 19.96 (soft,16.0%) | soft:0.5 15.98 (soft,35.3%) | soft:0.6 17.74 (soft,27.4%) | soft:0.7 19.10 (soft,21.1%) | soft:0.9 20.39 (soft,12.0%)
violet__tanh6            in  18.89 | auto 18.89 (auto,0.0%) | hard 18.89 (hard,0.0%) | soft 24.48 (soft,5.6%) | soft:0.5 19.51 (soft,20.8%) | soft:0.6 21.89 (soft,14.0%) | soft:0.7 23.79 (soft,9.2%) | soft:0.9 23.34 (soft,2.7%)
violet__tanh9k4          in  12.41 | auto 12.73 (soft,0.6%) | hard 12.41 (hard,0.0%) | soft 15.78 (soft,10.0%) | soft:0.5 16.85 (soft,35.3%) | soft:0.6 17.93 (soft,26.9%) | soft:0.7 18.19 (soft,19.5%) | soft:0.9 15.60 (soft,6.3%)
violet__cubic6           in  17.59 | auto 17.96 (hard,0.2%) | hard 17.96 (hard,0.2%) | soft 20.20 (soft,3.7%) | soft:0.5 20.64 (soft,19.1%) | soft:0.6 21.49 (soft,11.9%) | soft:0.7 21.09 (soft,7.0%) | soft:0.9 19.24 (soft,1.6%)
violet__softhard6        in  19.67 | auto 24.34 (hard,1.5%) | hard 24.34 (hard,1.5%) | soft 25.63 (soft,5.8%) | soft:0.5 19.25 (soft,20.7%) | soft:0.6 21.83 (soft,14.0%) | soft:0.7 24.22 (soft,9.2%) | soft:0.9 25.72 (soft,3.3%)
violet__softhard9        in  13.22 | auto 19.21 (hard,6.9%) | hard 19.21 (hard,6.9%) | soft 19.87 (soft,15.9%) | soft:0.5 16.24 (soft,35.3%) | soft:0.6 17.94 (soft,27.4%) | soft:0.7 19.18 (soft,21.1%) | soft:0.9 20.06 (soft,11.3%)
violet__oshard6          in  19.81 | auto 19.81 (auto,0.0%) | hard 19.81 (hard,0.0%) | soft 25.94 (soft,5.6%) | soft:0.5 19.03 (soft,19.7%) | soft:0.6 21.74 (soft,13.1%) | soft:0.7 24.16 (soft,8.6%) | soft:0.9 26.82 (soft,3.5%)
violet__resamp6          in  19.82 | auto 19.82 (auto,0.0%) | hard 19.82 (hard,0.0%) | soft 26.35 (soft,5.2%) | soft:0.5 19.43 (soft,19.0%) | soft:0.6 22.21 (soft,12.6%) | soft:0.7 24.58 (soft,8.2%) | soft:0.9 27.05 (soft,3.3%)
violet__mp3_128          in  15.81 | auto 16.07 (soft,1.0%) | hard 15.81 (hard,0.0%) | soft 16.68 (soft,2.7%) | soft:0.5 17.52 (soft,14.8%) | soft:0.6 17.92 (soft,9.2%) | soft:0.7 17.89 (soft,5.6%) | soft:0.9 15.83 (soft,0.4%)
violet__aac_256          in  17.22 | auto 19.50 (soft,2.4%) | hard 17.22 (hard,0.0%) | soft 19.50 (soft,2.4%) | soft:0.5 19.82 (soft,17.9%) | soft:0.6 20.75 (soft,11.6%) | soft:0.7 21.02 (soft,7.3%) | soft:0.9 19.81 (soft,2.6%)
violet__vorbis_192       in  18.70 | auto 20.73 (soft,2.3%) | hard 18.70 (hard,0.0%) | soft 20.73 (soft,2.3%) | soft:0.5 18.62 (soft,17.3%) | soft:0.6 20.61 (soft,11.1%) | soft:0.7 21.89 (soft,7.1%) | soft:0.9 20.52 (soft,2.2%)
violet__al1_6            in  15.36 | auto 15.37 (hard,0.3%) | hard 15.37 (hard,0.3%) | soft 15.76 (soft,3.9%) | soft:0.5 16.74 (soft,18.9%) | soft:0.6 16.46 (soft,12.0%) | soft:0.7 16.09 (soft,7.2%) | soft:0.9 15.53 (soft,1.8%)
violet__osal1            in   8.27 | auto 8.29 (hard,0.9%) | hard 8.29 (hard,0.9%) | soft 8.76 (soft,10.3%) | soft:0.5 9.64 (soft,32.7%) | soft:0.6 9.25 (soft,23.7%) | soft:0.7 8.96 (soft,16.3%) | soft:0.9 8.58 (soft,5.5%)
bigshot__hard6           in  15.34 | auto 21.99 (hard,11.1%) | hard 21.99 (hard,11.1%) | soft 21.33 (soft,20.0%) | soft:0.5 15.43 (soft,40.9%) | soft:0.6 17.90 (soft,32.8%) | soft:0.7 19.91 (soft,25.9%) | soft:0.9 22.02 (soft,15.1%)
bigshot__hard9           in   9.75 | auto 16.06 (hard,25.4%) | hard 16.06 (hard,25.4%) | soft 16.35 (soft,35.4%) | soft:0.5 13.79 (soft,54.8%) | soft:0.6 15.10 (soft,47.8%) | soft:0.7 15.94 (soft,41.3%) | soft:0.9 16.37 (soft,30.1%)
bigshot__tanh6           in  14.71 | auto 18.41 (soft,10.0%) | hard 14.71 (hard,0.0%) | soft 18.41 (soft,10.0%) | soft:0.5 16.47 (soft,41.0%) | soft:0.6 18.60 (soft,32.9%) | soft:0.7 19.87 (soft,25.8%) | soft:0.9 18.88 (soft,11.6%)
bigshot__tanh9k4         in   9.33 | auto 13.69 (soft,28.7%) | hard 9.33 (hard,0.0%) | soft 13.69 (soft,28.7%) | soft:0.5 14.35 (soft,54.8%) | soft:0.6 14.90 (soft,47.3%) | soft:0.7 14.79 (soft,39.6%) | soft:0.9 12.45 (soft,20.5%)
bigshot__cubic6          in  14.12 | auto 14.52 (hard,1.5%) | hard 14.52 (hard,1.5%) | soft 17.22 (soft,14.5%) | soft:0.5 17.71 (soft,39.1%) | soft:0.6 18.59 (soft,30.0%) | soft:0.7 18.20 (soft,21.8%) | soft:0.9 16.09 (soft,8.1%)
bigshot__softhard6       in  15.26 | auto 19.59 (hard,7.7%) | hard 19.59 (hard,7.7%) | soft 21.16 (soft,19.5%) | soft:0.5 16.06 (soft,40.9%) | soft:0.6 18.46 (soft,32.8%) | soft:0.7 20.22 (soft,25.8%) | soft:0.9 21.01 (soft,13.5%)
bigshot__softhard9       in   9.75 | auto 15.05 (hard,21.6%) | hard 15.05 (hard,21.6%) | soft 16.00 (soft,32.4%) | soft:0.5 14.00 (soft,54.8%) | soft:0.6 15.22 (soft,47.8%) | soft:0.7 15.93 (soft,41.3%) | soft:0.9 15.99 (soft,29.1%)
bigshot__oshard6         in  15.34 | auto 15.34 (auto,0.0%) | hard 15.34 (hard,0.0%) | soft 21.49 (soft,19.1%) | soft:0.5 15.72 (soft,40.0%) | soft:0.6 18.20 (soft,31.8%) | soft:0.7 20.18 (soft,24.9%) | soft:0.9 21.99 (soft,14.2%)
bigshot__resamp6         in  15.34 | auto 21.99 (hard,11.1%) | hard 21.99 (hard,11.1%) | soft 21.33 (soft,20.0%) | soft:0.5 15.43 (soft,40.9%) | soft:0.6 17.90 (soft,32.8%) | soft:0.7 19.91 (soft,25.9%) | soft:0.9 22.02 (soft,15.1%)
bigshot__mp3_128         in  13.56 | auto 15.03 (soft,11.6%) | hard 13.56 (hard,0.0%) | soft 15.03 (soft,11.6%) | soft:0.5 16.97 (soft,33.7%) | soft:0.6 17.72 (soft,25.5%) | soft:0.7 17.58 (soft,18.6%) | soft:0.9 13.57 (soft,1.1%)
bigshot__aac_256         in  13.79 | auto 16.64 (soft,11.5%) | hard 13.79 (hard,0.0%) | soft 16.64 (soft,11.5%) | soft:0.5 17.26 (soft,37.4%) | soft:0.6 18.39 (soft,29.1%) | soft:0.7 18.58 (soft,22.2%) | soft:0.9 15.61 (soft,10.2%)
bigshot__vorbis_192      in  15.08 | auto 18.09 (soft,11.6%) | hard 15.08 (hard,0.0%) | soft 18.09 (soft,11.6%) | soft:0.5 15.99 (soft,36.5%) | soft:0.6 18.14 (soft,28.3%) | soft:0.7 19.63 (soft,21.4%) | soft:0.9 15.89 (soft,7.3%)
bigshot__al1_6           in  11.21 | auto 11.22 (hard,0.4%) | hard 11.22 (hard,0.4%) | soft 11.50 (soft,9.5%) | soft:0.5 13.26 (soft,35.3%) | soft:0.6 12.45 (soft,25.5%) | soft:0.7 11.86 (soft,16.8%) | soft:0.9 11.32 (soft,4.1%)
bigshot__osal1           in   5.57 | auto 5.57 (hard,0.4%) | hard 5.57 (hard,0.4%) | soft 5.79 (soft,7.2%) | soft:0.5 6.67 (soft,37.8%) | soft:0.6 6.33 (soft,28.7%) | soft:0.7 6.10 (soft,20.7%) | soft:0.9 5.85 (soft,8.4%)
knife__hard6             in  18.48 | auto 26.01 (hard,5.1%) | hard 26.01 (hard,5.1%) | soft 24.42 (soft,11.6%) | soft:0.5 18.42 (soft,32.2%) | soft:0.6 20.81 (soft,23.5%) | soft:0.7 22.83 (soft,16.8%) | soft:0.9 25.51 (soft,7.8%)
knife__hard9             in  11.98 | auto 18.78 (hard,16.3%) | hard 18.78 (hard,16.3%) | soft 18.29 (soft,26.2%) | soft:0.5 15.08 (soft,48.1%) | soft:0.6 16.52 (soft,39.9%) | soft:0.7 17.58 (soft,32.6%) | soft:0.9 18.69 (soft,20.8%)
knife__tanh6             in  17.57 | auto 17.57 (auto,0.0%) | hard 17.57 (hard,0.0%) | soft 22.80 (soft,10.8%) | soft:0.5 18.88 (soft,32.2%) | soft:0.6 20.83 (soft,23.6%) | soft:0.7 22.16 (soft,16.7%) | soft:0.9 21.84 (soft,5.4%)
knife__tanh9k4           in  11.26 | auto 14.04 (soft,11.3%) | hard 11.26 (hard,0.0%) | soft 14.04 (soft,11.3%) | soft:0.5 15.27 (soft,48.1%) | soft:0.6 15.99 (soft,39.3%) | soft:0.7 16.21 (soft,30.6%) | soft:0.9 14.23 (soft,11.9%)
knife__cubic6            in  16.44 | auto 16.73 (hard,0.4%) | hard 16.73 (hard,0.4%) | soft 18.96 (soft,7.4%) | soft:0.5 19.28 (soft,30.2%) | soft:0.6 19.87 (soft,20.7%) | soft:0.7 19.65 (soft,13.1%) | soft:0.9 18.04 (soft,3.3%)
knife__softhard6         in  18.34 | auto 22.92 (hard,3.1%) | hard 22.92 (hard,3.1%) | soft 23.92 (soft,11.2%) | soft:0.5 18.83 (soft,32.2%) | soft:0.6 21.08 (soft,23.5%) | soft:0.7 22.80 (soft,16.7%) | soft:0.9 24.20 (soft,6.7%)
knife__softhard9         in  11.96 | auto 17.67 (hard,12.9%) | hard 17.67 (hard,12.9%) | soft 18.06 (soft,26.1%) | soft:0.5 15.25 (soft,48.1%) | soft:0.6 16.59 (soft,39.9%) | soft:0.7 17.51 (soft,32.6%) | soft:0.9 18.28 (soft,19.9%)
knife__oshard6           in  18.49 | auto 18.49 (auto,0.0%) | hard 18.49 (hard,0.0%) | soft 24.51 (soft,10.9%) | soft:0.5 18.69 (soft,31.2%) | soft:0.6 21.05 (soft,22.6%) | soft:0.7 23.02 (soft,15.9%) | soft:0.9 25.47 (soft,7.2%)
knife__resamp6           in  18.48 | auto 26.01 (hard,5.1%) | hard 26.01 (hard,5.1%) | soft 24.42 (soft,11.6%) | soft:0.5 18.42 (soft,32.2%) | soft:0.6 20.81 (soft,23.5%) | soft:0.7 22.83 (soft,16.8%) | soft:0.9 25.51 (soft,7.8%)
knife__mp3_128           in  14.60 | auto 14.60 (auto,0.0%) | hard 14.60 (hard,0.0%) | soft 14.88 (soft,3.9%) | soft:0.5 16.30 (soft,22.7%) | soft:0.6 16.46 (soft,14.8%) | soft:0.7 16.18 (soft,9.1%) | soft:0.9 14.60 (soft,0.3%)
knife__aac_256           in  15.83 | auto 17.60 (soft,4.5%) | hard 15.83 (hard,0.0%) | soft 17.60 (soft,4.5%) | soft:0.5 18.65 (soft,28.6%) | soft:0.6 19.24 (soft,20.2%) | soft:0.7 19.43 (soft,13.7%) | soft:0.9 18.20 (soft,5.2%)
knife__vorbis_192        in  18.24 | auto 21.71 (soft,4.8%) | hard 18.24 (hard,0.0%) | soft 21.71 (soft,4.8%) | soft:0.5 18.75 (soft,28.5%) | soft:0.6 20.79 (soft,20.1%) | soft:0.7 22.31 (soft,13.7%) | soft:0.9 22.68 (soft,5.4%)
knife__al1_6             in  14.00 | auto 14.02 (hard,0.6%) | hard 14.02 (hard,0.6%) | soft 14.39 (soft,7.0%) | soft:0.5 15.38 (soft,27.8%) | soft:0.6 15.02 (soft,18.9%) | soft:0.7 14.67 (soft,12.0%) | soft:0.9 14.18 (soft,3.3%)
knife__osal1             in   6.81 | auto 6.83 (hard,1.1%) | hard 6.83 (hard,1.1%) | soft 7.16 (soft,11.7%) | soft:0.5 7.74 (soft,35.2%) | soft:0.6 7.47 (soft,25.8%) | soft:0.7 7.29 (soft,18.0%) | soft:0.9 7.08 (soft,6.7%)
