ex      tanh6     est:   15.7   45.3   76.8  117.2  146.4  189.3  263.8   true:    0.0    0.0    0.3    2.4    4.9    9.6   19.3
ex      tanh9k4   est:   11.1   32.3   57.4   95.4  125.9  174.9  272.8   true:    0.2    1.3    4.2   10.3   15.6   24.1   40.5
ex      cubic6    est:   27.9   83.8  147.9  227.2  276.3  333.4  408.5   true:    4.2    6.4    9.5   14.1   17.3   21.6   28.1
ex      softhard6 est:   15.7   45.6   76.8  112.5  134.2  159.9  191.3   true:    0.0    0.0    0.2    1.2    2.3    4.1    6.7
ex      softhard9 est:   10.6   28.7   45.2   62.5   73.3   86.7  105.3   true:    0.0    0.0    0.0    0.3    0.9    2.2    4.6
ex      hard6     est:   15.7   45.6   76.2  107.0  122.4  138.5  153.8   true:    0.0    0.0    0.0    0.0    0.0    0.0    0.0
ex      gt        est:   21.9   63.2   97.7  129.2  150.6  162.0  172.5   true:    0.0    0.0    0.0    0.0    0.0    0.0    0.0
petal   tanh6     est:    5.6   15.8   25.1   37.4   46.8   60.8   87.2   true:    0.0    0.0    0.3    2.4    5.0    9.7   19.7
petal   tanh9k4   est:    7.9   23.0   39.4   62.9   79.8  105.4  153.9   true:    0.2    1.3    4.2   10.3   15.7   24.2   40.8
petal   cubic6    est:    9.0   27.2   45.3   66.7   79.4   95.5  117.6   true:    4.2    6.4    9.5   14.1   17.3   21.6   28.1
petal   softhard6 est:    5.6   15.8   24.8   34.9   41.2   48.8   58.3   true:    0.0    0.0    0.2    1.2    2.3    4.1    6.7
petal   softhard9 est:    7.5   20.1   30.6   40.3   46.2   53.2   62.5   true:    0.0    0.0    0.0    0.3    0.9    2.2    4.6
petal   hard6     est:    5.6   15.8   24.5   32.6   36.6   40.4   44.0   true:    0.0    0.0    0.0    0.0    0.0    0.0    0.0
petal   gt        est:    4.7   13.5   21.2   29.3   33.5   39.4   45.4   true:    0.0    0.0    0.0    0.0    0.0    0.0    0.0
ruder   tanh6     est:   19.6   54.0   83.9  117.1  140.3  173.2  231.7   true:    0.0    0.0    0.3    2.4    5.0    9.8   19.9
ruder   tanh9k4   est:   55.7  154.4  249.9  369.3  450.4  565.0  778.7   true:    0.2    1.3    4.2   10.3   15.7   24.3   40.9
ruder   cubic6    est:   34.7   98.7  159.1  224.7  262.8  307.0  367.9   true:    4.2    6.4    9.5   14.1   17.3   21.6   28.1
ruder   softhard6 est:   19.7   54.1   83.6  112.5  129.2  148.2  171.2   true:    0.0    0.0    0.2    1.2    2.3    4.1    6.7
ruder   softhard9 est:   51.9  137.7  206.1  268.2  300.6  337.6  383.6   true:    0.0    0.0    0.0    0.3    0.9    2.2    4.6
ruder   hard6     est:   19.7   54.1   83.0  107.7  119.4  130.7  141.3   true:    0.0    0.0    0.0    0.0    0.0    0.0    0.0
ruder   gt        est:    7.6   21.0   33.6   46.6   53.1   61.1   72.5   true:    0.0    0.0    0.0    0.0    0.0    0.0    0.0
bigshot tanh6     est:   10.4   27.3   41.3   58.9   71.9   91.8  130.5   true:    0.0    0.0    0.3    2.4    5.0    9.8   19.9
bigshot tanh9k4   est:   13.5   38.3   63.7   95.4  117.3  150.8  215.8   true:    0.2    1.3    4.2   10.3   15.7   24.3   40.9
bigshot cubic6    est:   21.8   59.1   93.7  134.1  158.5  189.0  234.4   true:    4.2    6.4    9.5   14.1   17.3   21.6   28.1
bigshot softhard6 est:   10.5   27.5   41.2   56.1   65.2   76.2   90.3   true:    0.0    0.0    0.2    1.2    2.3    4.1    6.7
bigshot softhard9 est:   12.7   34.0   51.0   65.8   73.6   82.8   95.0   true:    0.0    0.0    0.0    0.3    0.9    2.2    4.6
bigshot hard6     est:   10.5   27.5   40.8   53.0   59.0   65.0   70.8   true:    0.0    0.0    0.0    0.0    0.0    0.0    0.0
bigshot gt        est:    7.0   21.4   38.4   59.9   72.4   87.9  113.2   true:    0.0    0.0    0.0    0.0    0.0    0.0    0.0
ex      tanh6     raise%:   1.5   2.5   3.4   4.1   4.8   5.5   6.6   8.2  10.9  15.6  24.8  | true%:   0.0   0.0   0.0   0.0   0.0   0.3   0.9   2.3   4.7   9.1  18.1
ex      tanh9k4   raise%:   1.6   2.8   3.9   5.3   6.9   9.1  11.9  15.9  21.4  30.1  45.5  | true%:   0.0   0.2   0.6   1.3   2.5   4.2   6.7  10.2  15.5  23.8  38.9
ex      cubic6    raise%:   1.7   3.1   4.5   6.0   7.6   9.5  11.5  13.9  16.7  20.6  25.7  | true%:   3.3   4.2   5.2   6.4   7.8   9.5  11.5  14.0  17.1  21.3  27.6
ex      softhard6 raise%:   1.5   2.5   3.4   4.1   4.8   5.5   6.2   7.3   8.5  10.5  13.0  | true%:   0.0   0.0   0.0   0.0   0.0   0.2   0.5   1.2   2.3   4.0   6.6
ex      softhard9 raise%:   1.8   3.1   4.2   5.0   5.9   6.5   7.1   7.7   8.7  10.4  13.1  | true%:   0.0   0.0   0.0   0.0   0.0   0.0   0.0   0.3   0.9   2.2   4.6
ex      hard6     raise%:   1.5   2.6   3.5   4.2   5.0   5.7   6.2   6.7   6.9   7.3   7.3  | true%:   0.0   0.0   0.0   0.0   0.0   0.0   0.0   0.0   0.0   0.0   0.0
ex      oshard6   raise%:   1.5   2.6   3.4   4.2   5.0   5.6   6.2   6.6   6.8   7.1   7.2  | true%:  -0.0  -0.0  -0.0  -0.0  -0.0  -0.0  -0.0  -0.0  -0.0  -0.0  -0.0
ex      mp3_128   raise%:   1.5   2.6   3.6   4.5   5.1   5.7   6.1   6.7   7.2  14.5  16.4  | true%:   5.2   5.2   5.2   5.2   5.2   5.2   5.2   5.2   5.4  10.9  12.3
ex      al1_6     raise%:   1.6   2.6   3.6   4.4   5.3   6.1   6.8   7.6   8.5   9.7  12.1  | true%:   0.3   0.3   0.3   0.3   0.3   0.3   0.3   0.3   0.7   2.6   6.6
petal   tanh6     raise%:   2.1   3.6   4.5   4.9   5.1   5.3   5.8   7.1   9.0  13.2  22.3  | true%:   0.0   0.0  -0.0   0.0   0.0   0.3   1.0   2.4   4.9   9.6  19.3
petal   tanh9k4   raise%:   2.4   4.2   5.6   6.7   7.8   9.2  11.3  14.1  18.7  26.3  40.5  | true%:   0.0   0.2   0.6   1.3   2.5   4.2   6.7  10.3  15.6  24.1  40.3
petal   cubic6    raise%:   2.1   3.8   5.0   6.0   7.0   8.2   9.8  11.3  13.7  17.2  21.9  | true%:   3.3   4.2   5.2   6.4   7.8   9.5  11.5  14.0  17.1  21.3  27.7
petal   softhard6 raise%:   2.0   3.6   4.5   5.0   5.2   5.5   5.7   6.4   7.1   8.4  10.6  | true%:   0.0   0.0   0.0   0.0   0.0   0.2   0.5   1.2   2.3   4.0   6.6
petal   softhard9 raise%:   2.6   4.5   6.0   6.8   7.3   7.6   7.7   7.9   8.2   9.2  11.4  | true%:   0.0   0.0   0.0   0.0   0.0   0.0   0.0   0.3   0.9   2.2   4.6
petal   hard6     raise%:   2.1   3.6   4.7   5.2   5.6   5.8   6.1   6.2   6.1   5.9   5.6  | true%:   0.0   0.0   0.0   0.0  -0.0   0.0   0.0   0.0  -0.0   0.0  -0.0
petal   oshard6   raise%:   2.0   3.6   4.6   5.1   5.5   5.7   6.0   6.1   6.0   5.8   5.5  | true%:  -0.0  -0.0  -0.0  -0.0  -0.0  -0.0  -0.0  -0.0  -0.0  -0.0  -0.1
petal   mp3_128   raise%:   1.7   3.4   4.3   4.9   5.3   5.5   5.6   5.6   7.4  14.2  15.3  | true%:   5.0   5.0   5.0   5.0   5.0   5.0   5.0   5.0   6.1  13.4  14.6
petal   al1_6     raise%:   2.0   3.6   4.7   5.2   5.5   5.8   6.2   6.4   6.6   7.6   8.7  | true%:   0.3   0.3   0.3   0.3   0.4   0.4   0.6   1.2   2.9   6.8  11.5
ruder   tanh6     raise%:   2.0   3.6   4.8   5.5   5.8   6.2   6.7   7.7   9.8  13.8  22.6  | true%:   0.0   0.0   0.0   0.0   0.0   0.3   1.0   2.4   5.0   9.7  19.9
ruder   tanh9k4   raise%:   2.4   4.1   5.8   7.2   8.5  10.1  12.1  14.8  19.3  26.4  40.3  | true%:   0.0   0.2   0.6   1.3   2.5   4.2   6.7  10.3  15.7  24.3  41.0
ruder   cubic6    raise%:   2.1   3.9   5.4   6.7   7.8   9.1  10.3  12.0  14.2  17.2  22.1  | true%:   3.3   4.2   5.2   6.4   7.8   9.5  11.5  14.0  17.2  21.4  27.9
ruder   softhard6 raise%:   2.0   3.6   4.9   5.6   6.0   6.4   6.8   7.2   8.1   9.0  11.2  | true%:   0.0   0.0   0.0   0.0   0.0   0.2   0.5   1.2   2.3   4.0   6.6
ruder   softhard9 raise%:   2.7   4.6   6.3   7.6   8.2   8.8   8.9   9.1   9.6  10.5  12.4  | true%:   0.0   0.0   0.0   0.0   0.0   0.0   0.0   0.3   0.9   2.2   4.6
ruder   hard6     raise%:   2.1   3.7   5.0   5.9   6.5   6.9   7.2   7.1   7.2   6.8   6.5  | true%:   0.0   0.0   0.0   0.0   0.0   0.0   0.0   0.0   0.0   0.0   0.0
ruder   oshard6   raise%:   2.0   3.6   5.0   5.8   6.4   6.7   7.1   6.9   7.0   6.4   6.4  | true%:  -0.0  -0.0  -0.0  -0.0  -0.0  -0.0  -0.0  -0.0  -0.0  -0.1  -0.0
ruder   mp3_128   raise%:   1.3   3.0   4.3   5.2   5.7   6.0   6.2   6.9  12.2  16.1  16.2  | true%:   4.9   4.9   4.9   4.9   4.9   4.9   5.0   5.7  10.8  16.5  16.0
ruder   al1_6     raise%:   2.0   3.6   4.7   5.5   6.1   6.6   6.8   7.1   7.5   8.3   7.9  | true%:   2.0   2.0   2.2   2.5   2.8   3.1   3.6   5.5   9.6  15.7  18.3
bigshot tanh6     raise%:   3.0   5.3   7.7   9.6  10.9  11.7  12.5  13.4  15.1  18.6  26.4  | true%:   0.0   0.0   0.0   0.0   0.0   0.3   1.0   2.4   5.1  10.0  20.6
bigshot tanh9k4   raise%:   3.5   5.7   8.0  10.7  12.8  15.0  17.1  19.9  23.5  29.2  40.4  | true%:   0.0   0.2   0.6   1.3   2.5   4.2   6.7  10.4  15.8  24.6  42.5
bigshot cubic6    raise%:   3.1   5.8   8.4  10.7  12.4  14.2  15.3  16.7  18.4  20.8  24.8  | true%:   3.3   4.2   5.2   6.4   7.8   9.5  11.6  14.1  17.2  21.5  28.1
bigshot softhard6 raise%:   3.0   5.3   7.9   9.9  11.4  12.4  13.1  13.8  14.4  15.3  16.9  | true%:   0.0   0.0   0.0   0.0   0.0   0.2   0.5   1.2   2.3   4.1   6.7
bigshot softhard9 raise%:   4.0   6.5   9.0  11.4  13.2  14.4  15.5  15.6  16.3  17.0  18.4  | true%:   0.0   0.0   0.0   0.0   0.0   0.0   0.0   0.3   0.9   2.2   4.6
bigshot hard6     raise%:   3.1   5.5   8.2  10.5  12.3  13.4  14.4  14.7  14.3  13.8  13.0  | true%:   0.0   0.0   0.0   0.0   0.0   0.0   0.0   0.0   0.0   0.0   0.0
bigshot oshard6   raise%:   3.0   5.5   8.1  10.4  12.0  13.1  14.0  14.0  13.6  12.9  14.7  | true%:  -0.0  -0.0  -0.0  -0.0  -0.0  -0.0  -0.0  -0.0  -0.0  -0.1   0.5
bigshot mp3_128   raise%:   1.7   4.2   6.8   8.7  10.1  11.1  12.8  19.3  25.1  20.4  15.4  | true%:   5.0   4.9   5.0   5.0   5.0   5.1   6.1  12.6  22.2  19.0  14.4
bigshot al1_6     raise%:   3.2   6.1   9.1  11.5  13.1  14.0  14.4  14.2  13.4  12.9  12.2  | true%:   6.6   8.6  10.8  13.4  16.3  19.1  22.5  25.1  27.5  30.6  34.5
