bigshot__aac_256           max -0.01 mean -0.05 start nan (bump     5.1 s/t 0.0228) | max -0.02 mean -0.08 start nan (bump     5.0 s/t 0.0222)
bigshot__al1_6             max -0.03 mean -0.22 start nan (bump     6.2 s/t 0.0008) | max -0.01 mean -0.26 start nan (bump     4.8 s/t 0.0011)
bigshot__cubic6            max  1.40 mean  0.07 start 0.98 (bump   654.1 s/t 0.0010) | max  1.26 mean  0.03 start 0.98 (bump   644.9 s/t 0.0010)
bigshot__hard6             max  2.89 mean -0.01 start 0.99 (bump  2757.1 s/t 0.0004) | max  2.80 mean -0.05 start 0.99 (bump  3852.6 s/t 0.0003)
bigshot__hard9             max  0.01 mean -0.09 start nan (bump   971.7 s/t 0.0002) | max  3.51 mean  0.07 start 0.99 (bump  2901.1 s/t 0.0002)
bigshot__mp3_128           max -0.01 mean -0.03 start nan (bump     2.5 s/t 0.0473) | max -0.02 mean -0.04 start nan (bump     2.5 s/t 0.0472)
bigshot__osal1             max -0.01 mean -0.09 start nan (bump     3.6 s/t 0.0149) | max -0.03 mean -0.10 start nan (bump     3.4 s/t 0.0153)
bigshot__oshard6           max  0.25 mean -0.06 start 0.98 (bump    40.2 s/t 0.0029) | max  0.09 mean -0.10 start nan (bump    36.5 s/t 0.0032)
bigshot__resamp6           max  2.89 mean -0.01 start 0.99 (bump  2757.1 s/t 0.0004) | max  2.80 mean -0.05 start 0.99 (bump  3852.6 s/t 0.0003)
bigshot__softhard6         max  0.31 mean  0.09 start 0.93 (bump   177.9 s/t 0.0002) | max  2.51 mean  0.11 start 0.95 (bump  3280.5 s/t 0.0002)
bigshot__softhard9         max  3.35 mean  0.15 start 0.94 (bump  1622.3 s/t 0.0004) | max  3.40 mean  0.22 start 0.90 (bump  2221.2 s/t 0.0002)
bigshot__tanh6             max  1.53 mean  0.35 start 0.82 (bump     3.5 s/t 0.0654) | max  1.38 mean  0.31 start 0.84 (bump     3.2 s/t 0.0709)
bigshot__tanh9k4           max  1.82 mean  0.44 start 0.77 (bump     4.6 s/t 0.0471) | max  1.87 mean  0.50 start 0.74 (bump     4.2 s/t 0.0482)
bigshot__vorbis_192        max -0.01 mean -0.05 start nan (bump     4.2 s/t 0.0268) | max -0.03 mean -0.08 start nan (bump     4.1 s/t 0.0268)
ex__aac_256                max  0.02 mean -0.27 start nan (bump     4.0 s/t 0.0086) | max -0.11 mean -0.54 start nan (bump     2.9 s/t 0.0101)
ex__al1_6                  max   nan mean   nan start nan (bump     0.0 s/t 0.2138) | max   nan mean   nan start nan (bump     0.0 s/t 0.2341)
ex__cubic6                 max   nan mean   nan start nan (bump     0.0 s/t 0.2563) | max   nan mean   nan start nan (bump     0.0 s/t 0.3001)
ex__hard6                  max  1.33 mean -0.33 start 0.99 (bump  1053.8 s/t 0.0002) | max  0.75 mean -0.63 start 0.99 (bump  7261.3 s/t 0.0003)
ex__hard9                  max  2.84 mean  0.03 start 0.99 (bump  3176.1 s/t 0.0002) | max  2.54 mean  0.01 start 0.99 (bump  1696.7 s/t 0.0003)
ex__mp3_128                max  0.01 mean -0.18 start nan (bump     1.6 s/t 0.0250) | max -0.10 mean -0.41 start nan (bump     1.6 s/t 0.0221)
ex__osal1                  max  0.19 mean -0.03 start nan (bump     1.8 s/t 0.0022) | max  0.07 mean  0.01 start nan (bump     1.8 s/t 0.0023)
ex__oshard6                max -0.01 mean -0.37 start nan (bump    24.0 s/t 0.0017) | max -0.11 mean -0.66 start nan (bump    23.8 s/t 0.0015)
ex__resamp6                max -0.02 mean -0.37 start nan (bump    22.0 s/t 0.0019) | max -0.10 mean -0.65 start nan (bump    17.8 s/t 0.0021)
ex__softhard6              max  0.74 mean -0.26 start 0.99 (bump   370.1 s/t 0.0002) | max  0.09 mean -0.58 start nan (bump   235.6 s/t 0.0003)
ex__softhard9              max  0.44 mean  0.11 start 0.92 (bump   172.8 s/t 0.0003) | max  0.27 mean  0.08 start 0.97 (bump   129.8 s/t 0.0002)
ex__tanh6                  max  0.01 mean -0.03 start nan (bump     0.0 s/t 0.0503) | max   nan mean   nan start nan (bump     0.0 s/t 0.0782)
ex__tanh9k4                max  0.42 mean  0.21 start 0.77 (bump     0.0 s/t 0.0193) | max  0.26 mean  0.16 start 0.75 (bump     0.0 s/t 0.0376)
ex__vorbis_192             max -0.01 mean -0.29 start nan (bump     3.3 s/t 0.0119) | max -0.11 mean -0.56 start nan (bump     3.1 s/t 0.0107)
knife__aac_256             max -0.01 mean -0.14 start nan (bump     2.9 s/t 0.0237) | max -0.04 mean -0.14 start nan (bump     2.9 s/t 0.0232)
knife__al1_6               max  0.54 mean -0.23 start 0.99 (bump   459.1 s/t 0.0006) | max  0.45 mean -0.25 start 0.99 (bump   756.0 s/t 0.0008)
knife__cubic6              max  0.13 mean -0.31 start nan (bump   922.9 s/t 0.0010) | max  0.19 mean -0.31 start nan (bump   542.8 s/t 0.0009)
knife__hard6               max -0.04 mean -0.24 start nan (bump   215.2 s/t 0.0002) | max  2.14 mean -0.16 start 0.99 (bump  3380.1 s/t 0.0003)
knife__hard9               max  2.93 mean -0.04 start 0.99 (bump  2913.3 s/t 0.0003) | max  2.98 mean -0.02 start 0.99 (bump  3616.8 s/t 0.0002)
knife__mp3_128             max   nan mean   nan start nan (bump     1.1 s/t 0.0700) | max -0.03 mean -0.07 start nan (bump     0.0 s/t 0.0495)
knife__osal1               max  1.09 mean -0.08 start 0.98 (bump   852.8 s/t 0.0011) | max  1.07 mean -0.09 start 0.98 (bump   639.6 s/t 0.0014)
knife__oshard6             max -0.04 mean -0.20 start nan (bump    18.2 s/t 0.0039) | max -0.04 mean -0.20 start nan (bump    16.8 s/t 0.0042)
knife__resamp6             max -0.04 mean -0.24 start nan (bump   215.2 s/t 0.0002) | max  2.14 mean -0.16 start 0.99 (bump  3380.1 s/t 0.0003)
knife__softhard6           max -0.03 mean -0.10 start nan (bump   155.7 s/t 0.0003) | max  1.73 mean -0.05 start 0.99 (bump   830.8 s/t 0.0003)
knife__softhard9           max  2.49 mean  0.07 start 0.97 (bump   339.0 s/t 0.0003) | max  0.38 mean  0.04 start 0.96 (bump   190.1 s/t 0.0002)
knife__tanh6               max   nan mean   nan start nan (bump     0.8 s/t 0.0880) | max  0.29 mean  0.07 start 0.93 (bump     1.0 s/t 0.1443)
knife__tanh9k4             max  0.24 mean  0.11 start 0.83 (bump     0.7 s/t 0.0255) | max  0.65 mean  0.26 start 0.82 (bump     0.8 s/t 0.0797)
knife__vorbis_192          max -0.03 mean -0.17 start nan (bump     4.6 s/t 0.0155) | max -0.04 mean -0.16 start nan (bump     4.4 s/t 0.0162)
petal__aac_256             max -0.02 mean -0.15 start nan (bump     4.4 s/t 0.0155) | max  0.00 mean -0.18 start nan (bump     3.0 s/t 0.0166)
petal__al1_6               max  0.28 mean -0.17 start 0.99 (bump    17.4 s/t 0.0003) | max  0.54 mean -0.18 start 0.99 (bump   218.5 s/t 0.0003)
petal__cubic6              max  0.10 mean -0.35 start nan (bump  2515.9 s/t 0.0012) | max -0.03 mean -0.49 start nan (bump   107.7 s/t 0.0009)
petal__hard6               max  2.09 mean -0.16 start 0.99 (bump  4281.7 s/t 0.0004) | max  1.87 mean -0.16 start 0.99 (bump   869.7 s/t 0.0004)
petal__hard9               max -0.01 mean -0.11 start nan (bump   348.9 s/t 0.0002) | max -0.01 mean -0.20 start nan (bump   247.6 s/t 0.0002)
petal__mp3_128             max -0.04 mean -0.12 start nan (bump     2.1 s/t 0.0326) | max  0.00 mean -0.09 start nan (bump     1.3 s/t 0.0385)
petal__osal1               max  0.83 mean -0.05 start 0.98 (bump    19.9 s/t 0.0004) | max  0.85 mean -0.07 start 0.99 (bump    58.5 s/t 0.0014)
petal__oshard6             max -0.02 mean -0.21 start nan (bump    49.2 s/t 0.0014) | max -0.01 mean -0.20 start nan (bump    21.0 s/t 0.0024)
petal__resamp6             max -0.04 mean -0.21 start nan (bump    34.2 s/t 0.0020) | max -0.02 mean -0.21 start nan (bump    13.9 s/t 0.0037)
petal__softhard6           max  1.63 mean -0.06 start 0.99 (bump  4609.6 s/t 0.0004) | max  1.31 mean -0.10 start 0.99 (bump   259.6 s/t 0.0004)
petal__softhard9           max  0.32 mean  0.04 start 0.96 (bump   211.1 s/t 0.0002) | max  0.06 mean -0.07 start nan (bump   149.7 s/t 0.0002)
petal__tanh6               max   nan mean   nan start nan (bump     0.7 s/t 0.1173) | max  0.02 mean -0.07 start nan (bump     0.0 s/t 0.0026)
petal__tanh9k4             max   nan mean   nan start nan (bump     0.5 s/t 0.0687) | max  0.03 mean -0.01 start nan (bump     0.0 s/t 0.0509)
petal__vorbis_192          max -0.03 mean -0.15 start nan (bump     3.3 s/t 0.0199) | max -0.01 mean -0.16 start nan (bump     2.3 s/t 0.0218)
ruder__aac_256             max -0.05 mean -0.18 start nan (bump     3.6 s/t 0.0208) | max -0.03 mean -0.16 start nan (bump     2.7 s/t 0.0201)
ruder__al1_6               max -0.01 mean -0.17 start nan (bump     1.1 s/t 0.0049) | max  0.51 mean -0.22 start 0.99 (bump    10.1 s/t 0.0010)
ruder__cubic6              max  0.39 mean -0.30 start 0.99 (bump  1200.5 s/t 0.0010) | max -0.05 mean -0.39 start nan (bump    56.9 s/t 0.0008)
ruder__hard6               max  2.19 mean -0.19 start 0.99 (bump  5520.4 s/t 0.0002) | max  1.97 mean -0.19 start 0.99 (bump  3438.3 s/t 0.0002)
ruder__hard9               max  1.30 mean -0.10 start 0.99 (bump   704.8 s/t 0.0003) | max  0.95 mean -0.16 start 0.99 (bump   759.1 s/t 0.0002)
ruder__mp3_128             max -0.02 mean -0.11 start nan (bump     1.9 s/t 0.0408) | max -0.04 mean -0.09 start nan (bump     1.3 s/t 0.0420)
ruder__osal1               max  0.21 mean -0.11 start nan (bump     1.3 s/t 0.0062) | max -0.02 mean -0.11 start nan (bump     4.1 s/t 0.0033)
ruder__oshard6             max -0.04 mean -0.24 start nan (bump    30.1 s/t 0.0026) | max -0.04 mean -0.22 start nan (bump    16.9 s/t 0.0035)
ruder__resamp6             max -0.06 mean -0.24 start nan (bump    21.3 s/t 0.0038) | max -0.04 mean -0.22 start nan (bump    11.1 s/t 0.0054)
ruder__softhard6           max  1.82 mean -0.07 start 0.99 (bump   674.8 s/t 0.0003) | max  1.48 mean -0.10 start 0.99 (bump   845.6 s/t 0.0002)
ruder__softhard9           max  0.28 mean  0.00 start 0.98 (bump   293.6 s/t 0.0003) | max  0.15 mean -0.05 start nan (bump   196.4 s/t 0.0003)
ruder__tanh6               max  0.47 mean  0.07 start 0.94 (bump     1.2 s/t 0.1058) | max  0.05 mean -0.02 start nan (bump     0.1 s/t 0.0030)
ruder__tanh9k4             max  0.75 mean  0.24 start 0.84 (bump     1.0 s/t 0.0741) | max  0.09 mean  0.01 start nan (bump     0.0 s/t 0.0236)
ruder__vorbis_192          max -0.04 mean -0.15 start nan (bump     2.8 s/t 0.0283) | max -0.04 mean -0.13 start nan (bump     2.0 s/t 0.0276)
thrash__aac_256            max -0.04 mean -0.21 start nan (bump     5.5 s/t 0.0120) | max -0.04 mean -0.23 start nan (bump     5.0 s/t 0.0120)
thrash__al1_6              max  0.13 mean -0.19 start nan (bump    12.1 s/t 0.0005) | max  0.06 mean -0.25 start nan (bump    18.5 s/t 0.0002)
thrash__cubic6             max  0.03 mean -0.34 start nan (bump   272.6 s/t 0.0009) | max -0.06 mean -0.45 start nan (bump   188.8 s/t 0.0009)
thrash__hard6              max -0.03 mean -0.26 start nan (bump   550.3 s/t 0.0002) | max  1.91 mean -0.25 start 0.99 (bump 11000.1 s/t 0.0002)
thrash__hard9              max  1.39 mean -0.03 start 0.99 (bump   740.6 s/t 0.0002) | max  1.42 mean  0.03 start 0.99 (bump   802.1 s/t 0.0002)
thrash__mp3_128            max -0.05 mean -0.15 start nan (bump     2.6 s/t 0.0267) | max -0.01 mean -0.14 start nan (bump     2.3 s/t 0.0276)
thrash__osal1              max  0.37 mean  0.02 start 0.98 (bump     4.8 s/t 0.0022) | max  0.53 mean -0.02 start 0.98 (bump     6.6 s/t 0.0011)
thrash__oshard6            max -0.02 mean -0.23 start nan (bump    42.3 s/t 0.0016) | max  1.58 mean -0.28 start 0.99 (bump    49.0 s/t 0.0013)
thrash__resamp6            max -0.06 mean -0.24 start nan (bump    29.9 s/t 0.0024) | max -0.05 mean -0.30 start nan (bump    34.1 s/t 0.0019)
thrash__softhard6          max  1.62 mean -0.07 start 0.99 (bump  3344.5 s/t 0.0004) | max -0.04 mean -0.20 start nan (bump   158.9 s/t 0.0002)
thrash__softhard9          max  0.35 mean  0.08 start 0.94 (bump   248.4 s/t 0.0003) | max  0.48 mean  0.14 start 0.91 (bump   214.0 s/t 0.0003)
thrash__tanh6              max   nan mean   nan start nan (bump     0.7 s/t 0.0799) | max  0.02 mean -0.05 start nan (bump     0.1 s/t 0.0024)
thrash__tanh9k4            max  0.55 mean  0.25 start 0.82 (bump     0.5 s/t 0.0011) | max  0.48 mean  0.27 start 0.74 (bump     0.1 s/t 0.0030)
thrash__vorbis_192         max -0.04 mean -0.19 start nan (bump     4.6 s/t 0.0153) | max -0.05 mean -0.23 start nan (bump     4.5 s/t 0.0146)
violet__aac_256            max -0.02 mean -0.12 start nan (bump     3.9 s/t 0.0211) | max -0.06 mean -0.16 start nan (bump     3.8 s/t 0.0244)
violet__al1_6              max -0.01 mean -0.16 start nan (bump    19.3 s/t 0.0004) | max -0.04 mean -0.24 start nan (bump    24.2 s/t 0.0004)
violet__cubic6             max -0.03 mean -0.23 start nan (bump    21.7 s/t 0.0004) | max  0.07 mean -0.22 start nan (bump    23.3 s/t 0.0004)
violet__hard6              max  0.68 mean -0.13 start 0.99 (bump   500.9 s/t 0.0002) | max  0.68 mean -0.17 start 0.99 (bump   395.5 s/t 0.0003)
violet__hard9              max -0.01 mean -0.12 start nan (bump   385.3 s/t 0.0002) | max  2.75 mean -0.06 start 0.99 (bump  6117.7 s/t 0.0002)
violet__mp3_128            max -0.04 mean -0.06 start nan (bump     1.7 s/t 0.0505) | max   nan mean   nan start nan (bump     1.7 s/t 0.0608)
violet__osal1              max  0.39 mean -0.04 start 0.99 (bump    15.3 s/t 0.0006) | max  0.85 mean -0.10 start 0.99 (bump    18.5 s/t 0.0005)
violet__oshard6            max -0.01 mean -0.14 start nan (bump    22.5 s/t 0.0036) | max -0.05 mean -0.16 start nan (bump    13.5 s/t 0.0064)
violet__resamp6            max -0.02 mean -0.13 start nan (bump    15.2 s/t 0.0053) | max -0.04 mean -0.16 start nan (bump     9.0 s/t 0.0099)
violet__softhard6          max  0.57 mean -0.02 start 0.99 (bump   316.9 s/t 0.0002) | max  0.00 mean -0.07 start nan (bump   190.7 s/t 0.0003)
violet__softhard9          max  0.31 mean  0.02 start 0.97 (bump   276.2 s/t 0.0002) | max  2.54 mean  0.06 start 0.99 (bump   716.6 s/t 0.0004)
violet__tanh6              max  0.58 mean  0.14 start 0.90 (bump     1.5 s/t 0.1342) | max  0.61 mean  0.11 start 0.90 (bump     1.9 s/t 0.1220)
violet__tanh9k4            max  0.51 mean  0.17 start 0.88 (bump     0.7 s/t 0.0916) | max  0.42 mean  0.11 start 0.96 (bump     0.7 s/t 0.0443)
violet__vorbis_192         max -0.03 mean -0.10 start nan (bump     3.2 s/t 0.0250) | max -0.04 mean -0.12 start nan (bump     3.0 s/t 0.0296)
ex__GT                     max   nan mean   nan start nan (bump     0.0 s/t 0.3959) | max   nan mean   nan start nan (bump     0.0 s/t 0.3968)
petal__GT                  max   nan mean   nan start nan (bump     0.0 s/t 0.3250) | max   nan mean   nan start nan (bump     0.6 s/t 0.0960)
ruder__GT                  max   nan mean   nan start nan (bump     0.0 s/t 0.3297) | max   nan mean   nan start nan (bump     0.0 s/t 0.1583)
thrash__GT                 max   nan mean   nan start nan (bump     0.0 s/t 0.4239) | max   nan mean   nan start nan (bump     0.0 s/t 0.4378)
USER Rome                  max  1.46 mean  0.14 start 0.92 (bump   218.4 s/t 0.0004) | max  1.16 mean  0.02 start 0.95 (bump   151.4 s/t 0.0004)
USER Tarzan                max  2.53 mean  0.51 start 0.77 (bump     4.3 s/t 0.0444) | max  2.55 mean  0.50 start 0.75 (bump     8.5 s/t 0.0312)
USER Bangarang             max  0.97 mean -0.08 start 0.99 (bump   431.1 s/t 0.0007) | max  0.89 mean -0.10 start 0.99 (bump   380.2 s/t 0.0007)
USER GoinHard              max  1.05 mean  0.02 start 0.99 (bump   818.4 s/t 0.0008) | max  1.26 mean  0.10 start 0.99 (bump   507.3 s/t 0.0007)
USER AllIsFair             max  0.76 mean -0.36 start 0.99 (bump   768.0 s/t 0.0006) | max  0.88 mean -0.35 start 0.99 (bump   480.4 s/t 0.0006)
USER Purple                max  0.54 mean -0.13 start 0.99 (bump   534.4 s/t 0.0008) | max  0.52 mean -0.08 start 0.99 (bump   104.4 s/t 0.0007)
USER OWSLA                 max   nan mean   nan start nan (bump     0.5 s/t 0.0592) | max  0.10 mean  0.06 start nan (bump     0.0 s/t 0.0425)
USER Mothership            max  0.15 mean  0.09 start nan (bump     0.1 s/t 0.0276) | max  0.18 mean  0.12 start nan (bump     0.1 s/t 0.0277)
USER PetalAL1              max -0.05 mean -0.17 start nan (bump     4.7 s/t 0.0023) | max -0.03 mean -0.16 start nan (bump     5.4 s/t 0.0023)
